Archive member included to satisfy reference by file (symbol)

d:/petersdata/downloads/electronics/stprograms/stm32cubeide_1.12.1/stm32cubeide/plugins/com.st.stm32cube.ide.mcu.externaltools.gnu-tools-for-stm32.10.3-2021.10.win32_1.0.200.202301161003/tools/bin/../lib/gcc/arm-none-eabi/10.3.1/../../../../arm-none-eabi/lib/thumb/v7e-m+dp/hard\libc_nano.a(lib_a-errno.o)
                              ./Core/Src/syscalls.o (__errno)
d:/petersdata/downloads/electronics/stprograms/stm32cubeide_1.12.1/stm32cubeide/plugins/com.st.stm32cube.ide.mcu.externaltools.gnu-tools-for-stm32.10.3-2021.10.win32_1.0.200.202301161003/tools/bin/../lib/gcc/arm-none-eabi/10.3.1/../../../../arm-none-eabi/lib/thumb/v7e-m+dp/hard\libc_nano.a(lib_a-exit.o)
                              d:/petersdata/downloads/electronics/stprograms/stm32cubeide_1.12.1/stm32cubeide/plugins/com.st.stm32cube.ide.mcu.externaltools.gnu-tools-for-stm32.10.3-2021.10.win32_1.0.200.202301161003/tools/bin/../lib/gcc/arm-none-eabi/10.3.1/../../../../arm-none-eabi/lib/thumb/v7e-m+dp/hard/crt0.o (exit)
d:/petersdata/downloads/electronics/stprograms/stm32cubeide_1.12.1/stm32cubeide/plugins/com.st.stm32cube.ide.mcu.externaltools.gnu-tools-for-stm32.10.3-2021.10.win32_1.0.200.202301161003/tools/bin/../lib/gcc/arm-none-eabi/10.3.1/../../../../arm-none-eabi/lib/thumb/v7e-m+dp/hard\libc_nano.a(lib_a-impure.o)
                              d:/petersdata/downloads/electronics/stprograms/stm32cubeide_1.12.1/stm32cubeide/plugins/com.st.stm32cube.ide.mcu.externaltools.gnu-tools-for-stm32.10.3-2021.10.win32_1.0.200.202301161003/tools/bin/../lib/gcc/arm-none-eabi/10.3.1/../../../../arm-none-eabi/lib/thumb/v7e-m+dp/hard\libc_nano.a(lib_a-exit.o) (_global_impure_ptr)
d:/petersdata/downloads/electronics/stprograms/stm32cubeide_1.12.1/stm32cubeide/plugins/com.st.stm32cube.ide.mcu.externaltools.gnu-tools-for-stm32.10.3-2021.10.win32_1.0.200.202301161003/tools/bin/../lib/gcc/arm-none-eabi/10.3.1/../../../../arm-none-eabi/lib/thumb/v7e-m+dp/hard\libc_nano.a(lib_a-init.o)
                              d:/petersdata/downloads/electronics/stprograms/stm32cubeide_1.12.1/stm32cubeide/plugins/com.st.stm32cube.ide.mcu.externaltools.gnu-tools-for-stm32.10.3-2021.10.win32_1.0.200.202301161003/tools/bin/../lib/gcc/arm-none-eabi/10.3.1/../../../../arm-none-eabi/lib/thumb/v7e-m+dp/hard/crt0.o (__libc_init_array)
d:/petersdata/downloads/electronics/stprograms/stm32cubeide_1.12.1/stm32cubeide/plugins/com.st.stm32cube.ide.mcu.externaltools.gnu-tools-for-stm32.10.3-2021.10.win32_1.0.200.202301161003/tools/bin/../lib/gcc/arm-none-eabi/10.3.1/../../../../arm-none-eabi/lib/thumb/v7e-m+dp/hard\libc_nano.a(lib_a-memset.o)
                              d:/petersdata/downloads/electronics/stprograms/stm32cubeide_1.12.1/stm32cubeide/plugins/com.st.stm32cube.ide.mcu.externaltools.gnu-tools-for-stm32.10.3-2021.10.win32_1.0.200.202301161003/tools/bin/../lib/gcc/arm-none-eabi/10.3.1/../../../../arm-none-eabi/lib/thumb/v7e-m+dp/hard/crt0.o (memset)
d:/petersdata/downloads/electronics/stprograms/stm32cubeide_1.12.1/stm32cubeide/plugins/com.st.stm32cube.ide.mcu.externaltools.gnu-tools-for-stm32.10.3-2021.10.win32_1.0.200.202301161003/tools/bin/../lib/gcc/arm-none-eabi/10.3.1/../../../../arm-none-eabi/lib/thumb/v7e-m+dp/hard\libc_nano.a(lib_a-strlen.o)
                              ./Core/Src/main.o (strlen)
d:/petersdata/downloads/electronics/stprograms/stm32cubeide_1.12.1/stm32cubeide/plugins/com.st.stm32cube.ide.mcu.externaltools.gnu-tools-for-stm32.10.3-2021.10.win32_1.0.200.202301161003/tools/bin/../lib/gcc/arm-none-eabi/10.3.1/thumb/v7e-m+dp/hard\libgcc.a(_aeabi_uldivmod.o)
                              ./Drivers/STM32F7xx_HAL_Driver/Src/stm32f7xx_hal_rcc.o (__aeabi_uldivmod)
d:/petersdata/downloads/electronics/stprograms/stm32cubeide_1.12.1/stm32cubeide/plugins/com.st.stm32cube.ide.mcu.externaltools.gnu-tools-for-stm32.10.3-2021.10.win32_1.0.200.202301161003/tools/bin/../lib/gcc/arm-none-eabi/10.3.1/thumb/v7e-m+dp/hard\libgcc.a(_udivmoddi4.o)
                              d:/petersdata/downloads/electronics/stprograms/stm32cubeide_1.12.1/stm32cubeide/plugins/com.st.stm32cube.ide.mcu.externaltools.gnu-tools-for-stm32.10.3-2021.10.win32_1.0.200.202301161003/tools/bin/../lib/gcc/arm-none-eabi/10.3.1/thumb/v7e-m+dp/hard\libgcc.a(_aeabi_uldivmod.o) (__udivmoddi4)
d:/petersdata/downloads/electronics/stprograms/stm32cubeide_1.12.1/stm32cubeide/plugins/com.st.stm32cube.ide.mcu.externaltools.gnu-tools-for-stm32.10.3-2021.10.win32_1.0.200.202301161003/tools/bin/../lib/gcc/arm-none-eabi/10.3.1/thumb/v7e-m+dp/hard\libgcc.a(_dvmd_tls.o)
                              d:/petersdata/downloads/electronics/stprograms/stm32cubeide_1.12.1/stm32cubeide/plugins/com.st.stm32cube.ide.mcu.externaltools.gnu-tools-for-stm32.10.3-2021.10.win32_1.0.200.202301161003/tools/bin/../lib/gcc/arm-none-eabi/10.3.1/thumb/v7e-m+dp/hard\libgcc.a(_aeabi_uldivmod.o) (__aeabi_ldiv0)

Discarded input sections

[...]
Memory Configuration

Name             Origin             Length             Attributes
RAM              0x0000000020000000 0x0000000000080000 xrw
FLASH            0x0000000008000000 0x0000000000200000 xr
*default*        0x0000000000000000 0xffffffffffffffff

Linker script and memory map

LOAD d:/petersdata/downloads/electronics/stprograms/stm32cubeide_1.12.1/stm32cubeide/plugins/com.st.stm32cube.ide.mcu.externaltools.gnu-tools-for-stm32.10.3-2021.10.win32_1.0.200.202301161003/tools/bin/../lib/gcc/arm-none-eabi/10.3.1/thumb/v7e-m+dp/hard/crti.o
LOAD d:/petersdata/downloads/electronics/stprograms/stm32cubeide_1.12.1/stm32cubeide/plugins/com.st.stm32cube.ide.mcu.externaltools.gnu-tools-for-stm32.10.3-2021.10.win32_1.0.200.202301161003/tools/bin/../lib/gcc/arm-none-eabi/10.3.1/thumb/v7e-m+dp/hard/crtbegin.o
LOAD d:/petersdata/downloads/electronics/stprograms/stm32cubeide_1.12.1/stm32cubeide/plugins/com.st.stm32cube.ide.mcu.externaltools.gnu-tools-for-stm32.10.3-2021.10.win32_1.0.200.202301161003/tools/bin/../lib/gcc/arm-none-eabi/10.3.1/../../../../arm-none-eabi/lib/thumb/v7e-m+dp/hard/crt0.o
LOAD ./Core/Src/main.o
LOAD ./Core/Src/stm32f7xx_hal_msp.o
LOAD ./Core/Src/stm32f7xx_it.o
LOAD ./Core/Src/syscalls.o
LOAD ./Core/Src/sysmem.o
LOAD ./Core/Src/system_stm32f7xx.o
LOAD ./Core/Startup/startup_stm32f769nihx.o
LOAD ./Drivers/STM32F7xx_HAL_Driver/Src/stm32f7xx_hal.o
LOAD ./Drivers/STM32F7xx_HAL_Driver/Src/stm32f7xx_hal_cortex.o
LOAD ./Drivers/STM32F7xx_HAL_Driver/Src/stm32f7xx_hal_dma.o
LOAD ./Drivers/STM32F7xx_HAL_Driver/Src/stm32f7xx_hal_dma_ex.o
LOAD ./Drivers/STM32F7xx_HAL_Driver/Src/stm32f7xx_hal_exti.o
LOAD ./Drivers/STM32F7xx_HAL_Driver/Src/stm32f7xx_hal_flash.o
LOAD ./Drivers/STM32F7xx_HAL_Driver/Src/stm32f7xx_hal_flash_ex.o
LOAD ./Drivers/STM32F7xx_HAL_Driver/Src/stm32f7xx_hal_gpio.o
LOAD ./Drivers/STM32F7xx_HAL_Driver/Src/stm32f7xx_hal_i2c.o
LOAD ./Drivers/STM32F7xx_HAL_Driver/Src/stm32f7xx_hal_i2c_ex.o
LOAD ./Drivers/STM32F7xx_HAL_Driver/Src/stm32f7xx_hal_pwr.o
LOAD ./Drivers/STM32F7xx_HAL_Driver/Src/stm32f7xx_hal_pwr_ex.o
LOAD ./Drivers/STM32F7xx_HAL_Driver/Src/stm32f7xx_hal_rcc.o
LOAD ./Drivers/STM32F7xx_HAL_Driver/Src/stm32f7xx_hal_rcc_ex.o
LOAD ./Drivers/STM32F7xx_HAL_Driver/Src/stm32f7xx_hal_sd.o
LOAD ./Drivers/STM32F7xx_HAL_Driver/Src/stm32f7xx_ll_sdmmc.o
LOAD ./FATFS/App/fatfs.o
LOAD ./FATFS/Target/bsp_driver_sd.o
LOAD ./FATFS/Target/fatfs_platform.o
LOAD ./FATFS/Target/sd_diskio.o
LOAD ./Middlewares/Third_Party/FatFs/src/diskio.o
LOAD ./Middlewares/Third_Party/FatFs/src/ff.o
LOAD ./Middlewares/Third_Party/FatFs/src/ff_gen_drv.o
LOAD ./Middlewares/Third_Party/FatFs/src/option/syscall.o
START GROUP
LOAD d:/petersdata/downloads/electronics/stprograms/stm32cubeide_1.12.1/stm32cubeide/plugins/com.st.stm32cube.ide.mcu.externaltools.gnu-tools-for-stm32.10.3-2021.10.win32_1.0.200.202301161003/tools/bin/../lib/gcc/arm-none-eabi/10.3.1/../../../../arm-none-eabi/lib/thumb/v7e-m+dp/hard\libc_nano.a
LOAD d:/petersdata/downloads/electronics/stprograms/stm32cubeide_1.12.1/stm32cubeide/plugins/com.st.stm32cube.ide.mcu.externaltools.gnu-tools-for-stm32.10.3-2021.10.win32_1.0.200.202301161003/tools/bin/../lib/gcc/arm-none-eabi/10.3.1/../../../../arm-none-eabi/lib/thumb/v7e-m+dp/hard\libm.a
END GROUP
START GROUP
LOAD d:/petersdata/downloads/electronics/stprograms/stm32cubeide_1.12.1/stm32cubeide/plugins/com.st.stm32cube.ide.mcu.externaltools.gnu-tools-for-stm32.10.3-2021.10.win32_1.0.200.202301161003/tools/bin/../lib/gcc/arm-none-eabi/10.3.1/thumb/v7e-m+dp/hard\libgcc.a
LOAD d:/petersdata/downloads/electronics/stprograms/stm32cubeide_1.12.1/stm32cubeide/plugins/com.st.stm32cube.ide.mcu.externaltools.gnu-tools-for-stm32.10.3-2021.10.win32_1.0.200.202301161003/tools/bin/../lib/gcc/arm-none-eabi/10.3.1/../../../../arm-none-eabi/lib/thumb/v7e-m+dp/hard\libc_nano.a
END GROUP
START GROUP
LOAD d:/petersdata/downloads/electronics/stprograms/stm32cubeide_1.12.1/stm32cubeide/plugins/com.st.stm32cube.ide.mcu.externaltools.gnu-tools-for-stm32.10.3-2021.10.win32_1.0.200.202301161003/tools/bin/../lib/gcc/arm-none-eabi/10.3.1/thumb/v7e-m+dp/hard\libgcc.a
LOAD d:/petersdata/downloads/electronics/stprograms/stm32cubeide_1.12.1/stm32cubeide/plugins/com.st.stm32cube.ide.mcu.externaltools.gnu-tools-for-stm32.10.3-2021.10.win32_1.0.200.202301161003/tools/bin/../lib/gcc/arm-none-eabi/10.3.1/../../../../arm-none-eabi/lib/thumb/v7e-m+dp/hard\libc_nano.a
LOAD d:/petersdata/downloads/electronics/stprograms/stm32cubeide_1.12.1/stm32cubeide/plugins/com.st.stm32cube.ide.mcu.externaltools.gnu-tools-for-stm32.10.3-2021.10.win32_1.0.200.202301161003/tools/bin/../lib/gcc/arm-none-eabi/10.3.1/../../../../arm-none-eabi/lib/thumb/v7e-m+dp/hard\libnosys.a
END GROUP
START GROUP
LOAD d:/petersdata/downloads/electronics/stprograms/stm32cubeide_1.12.1/stm32cubeide/plugins/com.st.stm32cube.ide.mcu.externaltools.gnu-tools-for-stm32.10.3-2021.10.win32_1.0.200.202301161003/tools/bin/../lib/gcc/arm-none-eabi/10.3.1/thumb/v7e-m+dp/hard\libgcc.a
LOAD d:/petersdata/downloads/electronics/stprograms/stm32cubeide_1.12.1/stm32cubeide/plugins/com.st.stm32cube.ide.mcu.externaltools.gnu-tools-for-stm32.10.3-2021.10.win32_1.0.200.202301161003/tools/bin/../lib/gcc/arm-none-eabi/10.3.1/../../../../arm-none-eabi/lib/thumb/v7e-m+dp/hard\libc_nano.a
LOAD d:/petersdata/downloads/electronics/stprograms/stm32cubeide_1.12.1/stm32cubeide/plugins/com.st.stm32cube.ide.mcu.externaltools.gnu-tools-for-stm32.10.3-2021.10.win32_1.0.200.202301161003/tools/bin/../lib/gcc/arm-none-eabi/10.3.1/../../../../arm-none-eabi/lib/thumb/v7e-m+dp/hard\libnosys.a
END GROUP
LOAD d:/petersdata/downloads/electronics/stprograms/stm32cubeide_1.12.1/stm32cubeide/plugins/com.st.stm32cube.ide.mcu.externaltools.gnu-tools-for-stm32.10.3-2021.10.win32_1.0.200.202301161003/tools/bin/../lib/gcc/arm-none-eabi/10.3.1/thumb/v7e-m+dp/hard/crtend.o
LOAD d:/petersdata/downloads/electronics/stprograms/stm32cubeide_1.12.1/stm32cubeide/plugins/com.st.stm32cube.ide.mcu.externaltools.gnu-tools-for-stm32.10.3-2021.10.win32_1.0.200.202301161003/tools/bin/../lib/gcc/arm-none-eabi/10.3.1/thumb/v7e-m+dp/hard/crtn.o
                0x0000000020080000                _estack = (ORIGIN (RAM) + LENGTH (RAM))
                0x0000000000000200                _Min_Heap_Size = 0x200
                0x0000000000000400                _Min_Stack_Size = 0x400

.isr_vector     0x0000000008000000      0x1f8
                0x0000000008000000                . = ALIGN (0x4)
 *(.isr_vector)
 .isr_vector    0x0000000008000000      0x1f8 ./Core/Startup/startup_stm32f769nihx.o
                0x0000000008000000                g_pfnVectors
                0x00000000080001f8                . = ALIGN (0x4)

.text           0x00000000080001f8     0x7bf4
                0x00000000080001f8                . = ALIGN (0x4)
 *(.text)
 .text          0x00000000080001f8       0x40 d:/petersdata/downloads/electronics/stprograms/stm32cubeide_1.12.1/stm32cubeide/plugins/com.st.stm32cube.ide.mcu.externaltools.gnu-tools-for-stm32.10.3-2021.10.win32_1.0.200.202301161003/tools/bin/../lib/gcc/arm-none-eabi/10.3.1/thumb/v7e-m+dp/hard/crtbegin.o
 .text          0x0000000008000238       0x10 d:/petersdata/downloads/electronics/stprograms/stm32cubeide_1.12.1/stm32cubeide/plugins/com.st.stm32cube.ide.mcu.externaltools.gnu-tools-for-stm32.10.3-2021.10.win32_1.0.200.202301161003/tools/bin/../lib/gcc/arm-none-eabi/10.3.1/../../../../arm-none-eabi/lib/thumb/v7e-m+dp/hard\libc_nano.a(lib_a-strlen.o)
                0x0000000008000238                strlen
 .text          0x0000000008000248       0x30 d:/petersdata/downloads/electronics/stprograms/stm32cubeide_1.12.1/stm32cubeide/plugins/com.st.stm32cube.ide.mcu.externaltools.gnu-tools-for-stm32.10.3-2021.10.win32_1.0.200.202301161003/tools/bin/../lib/gcc/arm-none-eabi/10.3.1/thumb/v7e-m+dp/hard\libgcc.a(_aeabi_uldivmod.o)
                0x0000000008000248                __aeabi_uldivmod
 .text          0x0000000008000278      0x2d0 d:/petersdata/downloads/electronics/stprograms/stm32cubeide_1.12.1/stm32cubeide/plugins/com.st.stm32cube.ide.mcu.externaltools.gnu-tools-for-stm32.10.3-2021.10.win32_1.0.200.202301161003/tools/bin/../lib/gcc/arm-none-eabi/10.3.1/thumb/v7e-m+dp/hard\libgcc.a(_udivmoddi4.o)
                0x0000000008000278                __udivmoddi4
 .text          0x0000000008000548        0x4 d:/petersdata/downloads/electronics/stprograms/stm32cubeide_1.12.1/stm32cubeide/plugins/com.st.stm32cube.ide.mcu.externaltools.gnu-tools-for-stm32.10.3-2021.10.win32_1.0.200.202301161003/tools/bin/../lib/gcc/arm-none-eabi/10.3.1/thumb/v7e-m+dp/hard\libgcc.a(_dvmd_tls.o)
                0x0000000008000548                __aeabi_idiv0
                0x0000000008000548                __aeabi_ldiv0
 *(.text*)
 .text.main     0x000000000800054c       0xcc ./Core/Src/main.o
                0x000000000800054c                main
 .text.SystemClock_Config
                0x0000000008000618       0xe0 ./Core/Src/main.o
                0x0000000008000618                SystemClock_Config
 .text.MX_SDMMC2_SD_Init
                0x00000000080006f8       0x44 ./Core/Src/main.o
 .text.MX_DMA_Init
                0x000000000800073c       0x4c ./Core/Src/main.o
 .text.MX_GPIO_Init
                0x0000000008000788       0xb8 ./Core/Src/main.o
 .text.Error_Handler
                0x0000000008000840        0xa ./Core/Src/main.o
                0x0000000008000840                Error_Handler
 *fill*         0x000000000800084a        0x2 
 .text.HAL_MspInit
                0x000000000800084c       0x48 ./Core/Src/stm32f7xx_hal_msp.o
                0x000000000800084c                HAL_MspInit
 .text.HAL_SD_MspInit
                0x0000000008000894      0x260 ./Core/Src/stm32f7xx_hal_msp.o
                0x0000000008000894                HAL_SD_MspInit
 .text.NMI_Handler
                0x0000000008000af4        0x6 ./Core/Src/stm32f7xx_it.o
                0x0000000008000af4                NMI_Handler
 .text.HardFault_Handler
                0x0000000008000afa        0x6 ./Core/Src/stm32f7xx_it.o
                0x0000000008000afa                HardFault_Handler
 .text.MemManage_Handler
                0x0000000008000b00        0x6 ./Core/Src/stm32f7xx_it.o
                0x0000000008000b00                MemManage_Handler
 .text.BusFault_Handler
                0x0000000008000b06        0x6 ./Core/Src/stm32f7xx_it.o
                0x0000000008000b06                BusFault_Handler
 .text.UsageFault_Handler
                0x0000000008000b0c        0x6 ./Core/Src/stm32f7xx_it.o
                0x0000000008000b0c                UsageFault_Handler
 .text.SVC_Handler
                0x0000000008000b12        0xe ./Core/Src/stm32f7xx_it.o
                0x0000000008000b12                SVC_Handler
 .text.DebugMon_Handler
                0x0000000008000b20        0xe ./Core/Src/stm32f7xx_it.o
                0x0000000008000b20                DebugMon_Handler
 .text.PendSV_Handler
                0x0000000008000b2e        0xe ./Core/Src/stm32f7xx_it.o
                0x0000000008000b2e                PendSV_Handler
 .text.SysTick_Handler
                0x0000000008000b3c        0xc ./Core/Src/stm32f7xx_it.o
                0x0000000008000b3c                SysTick_Handler
 .text.DMA2_Stream0_IRQHandler
                0x0000000008000b48       0x14 ./Core/Src/stm32f7xx_it.o
                0x0000000008000b48                DMA2_Stream0_IRQHandler
 .text.DMA2_Stream5_IRQHandler
                0x0000000008000b5c       0x14 ./Core/Src/stm32f7xx_it.o
                0x0000000008000b5c                DMA2_Stream5_IRQHandler
 .text.SDMMC2_IRQHandler
                0x0000000008000b70       0x14 ./Core/Src/stm32f7xx_it.o
                0x0000000008000b70                SDMMC2_IRQHandler
 .text.SystemInit
                0x0000000008000b84       0x24 ./Core/Src/system_stm32f7xx.o
                0x0000000008000b84                SystemInit
 .text.Reset_Handler
                0x0000000008000ba8       0x50 ./Core/Startup/startup_stm32f769nihx.o
                0x0000000008000ba8                Reset_Handler
 .text.Default_Handler
                0x0000000008000bf8        0x2 ./Core/Startup/startup_stm32f769nihx.o
                0x0000000008000bf8                RTC_Alarm_IRQHandler
                0x0000000008000bf8                EXTI2_IRQHandler
                0x0000000008000bf8                TIM8_CC_IRQHandler
                0x0000000008000bf8                UART8_IRQHandler
                0x0000000008000bf8                SPI4_IRQHandler
                0x0000000008000bf8                TIM1_CC_IRQHandler
                0x0000000008000bf8                JPEG_IRQHandler
                0x0000000008000bf8                DMA1_Stream5_IRQHandler
                0x0000000008000bf8                CAN3_RX1_IRQHandler
                0x0000000008000bf8                PVD_IRQHandler
                0x0000000008000bf8                TAMP_STAMP_IRQHandler
                0x0000000008000bf8                CAN2_RX1_IRQHandler
                0x0000000008000bf8                EXTI3_IRQHandler
                0x0000000008000bf8                TIM8_TRG_COM_TIM14_IRQHandler
                0x0000000008000bf8                DFSDM1_FLT1_IRQHandler
                0x0000000008000bf8                TIM1_UP_TIM10_IRQHandler
                0x0000000008000bf8                TIM8_UP_TIM13_IRQHandler
                0x0000000008000bf8                I2C3_ER_IRQHandler
                0x0000000008000bf8                DFSDM1_FLT2_IRQHandler
                0x0000000008000bf8                EXTI0_IRQHandler
                0x0000000008000bf8                I2C2_EV_IRQHandler
                0x0000000008000bf8                DMA1_Stream2_IRQHandler
                0x0000000008000bf8                CAN1_RX0_IRQHandler
                0x0000000008000bf8                FPU_IRQHandler
                0x0000000008000bf8                OTG_HS_WKUP_IRQHandler
                0x0000000008000bf8                CAN3_SCE_IRQHandler
                0x0000000008000bf8                LTDC_ER_IRQHandler
                0x0000000008000bf8                CAN2_SCE_IRQHandler
                0x0000000008000bf8                DMA2_Stream2_IRQHandler
                0x0000000008000bf8                SPI1_IRQHandler
                0x0000000008000bf8                TIM6_DAC_IRQHandler
                0x0000000008000bf8                TIM1_BRK_TIM9_IRQHandler
                0x0000000008000bf8                DCMI_IRQHandler
                0x0000000008000bf8                CAN2_RX0_IRQHandler
                0x0000000008000bf8                DMA2_Stream3_IRQHandler
                0x0000000008000bf8                SAI2_IRQHandler
                0x0000000008000bf8                DFSDM1_FLT3_IRQHandler
                0x0000000008000bf8                USART6_IRQHandler
                0x0000000008000bf8                CAN3_RX0_IRQHandler
                0x0000000008000bf8                USART3_IRQHandler
                0x0000000008000bf8                CAN1_RX1_IRQHandler
                0x0000000008000bf8                UART5_IRQHandler
                0x0000000008000bf8                TIM4_IRQHandler
                0x0000000008000bf8                QUADSPI_IRQHandler
                0x0000000008000bf8                I2C1_EV_IRQHandler
                0x0000000008000bf8                DMA1_Stream6_IRQHandler
                0x0000000008000bf8                DMA1_Stream1_IRQHandler
                0x0000000008000bf8                UART4_IRQHandler
                0x0000000008000bf8                TIM3_IRQHandler
                0x0000000008000bf8                RCC_IRQHandler
                0x0000000008000bf8                TIM8_BRK_TIM12_IRQHandler
                0x0000000008000bf8                Default_Handler
                0x0000000008000bf8                CEC_IRQHandler
                0x0000000008000bf8                EXTI15_10_IRQHandler
                0x0000000008000bf8                ADC_IRQHandler
                0x0000000008000bf8                DMA1_Stream7_IRQHandler
                0x0000000008000bf8                SPI5_IRQHandler
                0x0000000008000bf8                TIM7_IRQHandler
                0x0000000008000bf8                SDMMC1_IRQHandler
                0x0000000008000bf8                CAN2_TX_IRQHandler
                0x0000000008000bf8                TIM5_IRQHandler
                0x0000000008000bf8                DMA2_Stream7_IRQHandler
                0x0000000008000bf8                I2C3_EV_IRQHandler
                0x0000000008000bf8                EXTI9_5_IRQHandler
                0x0000000008000bf8                RTC_WKUP_IRQHandler
                0x0000000008000bf8                LTDC_IRQHandler
                0x0000000008000bf8                ETH_WKUP_IRQHandler
                0x0000000008000bf8                SPDIF_RX_IRQHandler
                0x0000000008000bf8                SPI2_IRQHandler
                0x0000000008000bf8                OTG_HS_EP1_IN_IRQHandler
                0x0000000008000bf8                DMA1_Stream0_IRQHandler
                0x0000000008000bf8                CAN1_TX_IRQHandler
                0x0000000008000bf8                EXTI4_IRQHandler
                0x0000000008000bf8                RNG_IRQHandler
                0x0000000008000bf8                DSI_IRQHandler
                0x0000000008000bf8                ETH_IRQHandler
                0x0000000008000bf8                OTG_HS_EP1_OUT_IRQHandler
                0x0000000008000bf8                WWDG_IRQHandler
                0x0000000008000bf8                SPI6_IRQHandler
                0x0000000008000bf8                MDIOS_IRQHandler
                0x0000000008000bf8                I2C4_EV_IRQHandler
                0x0000000008000bf8                CAN3_TX_IRQHandler
                0x0000000008000bf8                TIM2_IRQHandler
                0x0000000008000bf8                OTG_FS_WKUP_IRQHandler
                0x0000000008000bf8                TIM1_TRG_COM_TIM11_IRQHandler
                0x0000000008000bf8                OTG_HS_IRQHandler
                0x0000000008000bf8                DMA2D_IRQHandler
                0x0000000008000bf8                EXTI1_IRQHandler
                0x0000000008000bf8                UART7_IRQHandler
                0x0000000008000bf8                USART2_IRQHandler
                0x0000000008000bf8                DFSDM1_FLT0_IRQHandler
                0x0000000008000bf8                I2C2_ER_IRQHandler
                0x0000000008000bf8                DMA2_Stream1_IRQHandler
                0x0000000008000bf8                CAN1_SCE_IRQHandler
                0x0000000008000bf8                FLASH_IRQHandler
                0x0000000008000bf8                DMA2_Stream4_IRQHandler
                0x0000000008000bf8                USART1_IRQHandler
                0x0000000008000bf8                OTG_FS_IRQHandler
                0x0000000008000bf8                SPI3_IRQHandler
                0x0000000008000bf8                DMA1_Stream4_IRQHandler
                0x0000000008000bf8                I2C1_ER_IRQHandler
                0x0000000008000bf8                FMC_IRQHandler
                0x0000000008000bf8                LPTIM1_IRQHandler
                0x0000000008000bf8                I2C4_ER_IRQHandler
                0x0000000008000bf8                DMA2_Stream6_IRQHandler
                0x0000000008000bf8                SAI1_IRQHandler
                0x0000000008000bf8                DMA1_Stream3_IRQHandler
 .text.HAL_Init
                0x0000000008000bfa       0x1a ./Drivers/STM32F7xx_HAL_Driver/Src/stm32f7xx_hal.o
                0x0000000008000bfa                HAL_Init
 .text.HAL_InitTick
                0x0000000008000c14       0x60 ./Drivers/STM32F7xx_HAL_Driver/Src/stm32f7xx_hal.o
                0x0000000008000c14                HAL_InitTick
 .text.HAL_IncTick
                0x0000000008000c74       0x28 ./Drivers/STM32F7xx_HAL_Driver/Src/stm32f7xx_hal.o
                0x0000000008000c74                HAL_IncTick
 .text.HAL_GetTick
                0x0000000008000c9c       0x18 ./Drivers/STM32F7xx_HAL_Driver/Src/stm32f7xx_hal.o
                0x0000000008000c9c                HAL_GetTick
 .text.HAL_Delay
                0x0000000008000cb4       0x48 ./Drivers/STM32F7xx_HAL_Driver/Src/stm32f7xx_hal.o
                0x0000000008000cb4                HAL_Delay
 .text.__NVIC_SetPriorityGrouping
                0x0000000008000cfc       0x48 ./Drivers/STM32F7xx_HAL_Driver/Src/stm32f7xx_hal_cortex.o
 .text.__NVIC_GetPriorityGrouping
                0x0000000008000d44       0x1c ./Drivers/STM32F7xx_HAL_Driver/Src/stm32f7xx_hal_cortex.o
 .text.__NVIC_EnableIRQ
                0x0000000008000d60       0x3c ./Drivers/STM32F7xx_HAL_Driver/Src/stm32f7xx_hal_cortex.o
 .text.__NVIC_SetPriority
                0x0000000008000d9c       0x54 ./Drivers/STM32F7xx_HAL_Driver/Src/stm32f7xx_hal_cortex.o
 .text.NVIC_EncodePriority
                0x0000000008000df0       0x66 ./Drivers/STM32F7xx_HAL_Driver/Src/stm32f7xx_hal_cortex.o
 *fill*         0x0000000008000e56        0x2 
 .text.SysTick_Config
                0x0000000008000e58       0x44 ./Drivers/STM32F7xx_HAL_Driver/Src/stm32f7xx_hal_cortex.o
 .text.HAL_NVIC_SetPriorityGrouping
                0x0000000008000e9c       0x16 ./Drivers/STM32F7xx_HAL_Driver/Src/stm32f7xx_hal_cortex.o
                0x0000000008000e9c                HAL_NVIC_SetPriorityGrouping
 .text.HAL_NVIC_SetPriority
                0x0000000008000eb2       0x38 ./Drivers/STM32F7xx_HAL_Driver/Src/stm32f7xx_hal_cortex.o
                0x0000000008000eb2                HAL_NVIC_SetPriority
 .text.HAL_NVIC_EnableIRQ
                0x0000000008000eea       0x1c ./Drivers/STM32F7xx_HAL_Driver/Src/stm32f7xx_hal_cortex.o
                0x0000000008000eea                HAL_NVIC_EnableIRQ
 .text.HAL_SYSTICK_Config
                0x0000000008000f06       0x18 ./Drivers/STM32F7xx_HAL_Driver/Src/stm32f7xx_hal_cortex.o
                0x0000000008000f06                HAL_SYSTICK_Config
 *fill*         0x0000000008000f1e        0x2 
 .text.HAL_DMA_Init
                0x0000000008000f20      0x15c ./Drivers/STM32F7xx_HAL_Driver/Src/stm32f7xx_hal_dma.o
                0x0000000008000f20                HAL_DMA_Init
 .text.HAL_DMA_Start_IT
                0x000000000800107c       0xc0 ./Drivers/STM32F7xx_HAL_Driver/Src/stm32f7xx_hal_dma.o
                0x000000000800107c                HAL_DMA_Start_IT
 .text.HAL_DMA_Abort_IT
                0x000000000800113c       0x44 ./Drivers/STM32F7xx_HAL_Driver/Src/stm32f7xx_hal_dma.o
                0x000000000800113c                HAL_DMA_Abort_IT
 .text.HAL_DMA_IRQHandler
                0x0000000008001180      0x314 ./Drivers/STM32F7xx_HAL_Driver/Src/stm32f7xx_hal_dma.o
                0x0000000008001180                HAL_DMA_IRQHandler
 .text.HAL_DMA_GetError
                0x0000000008001494       0x18 ./Drivers/STM32F7xx_HAL_Driver/Src/stm32f7xx_hal_dma.o
                0x0000000008001494                HAL_DMA_GetError
 .text.DMA_SetConfig
                0x00000000080014ac       0x5c ./Drivers/STM32F7xx_HAL_Driver/Src/stm32f7xx_hal_dma.o
 .text.DMA_CalcBaseAndBitshift
                0x0000000008001508       0x6c ./Drivers/STM32F7xx_HAL_Driver/Src/stm32f7xx_hal_dma.o
 .text.DMA_CheckFifoParam
                0x0000000008001574       0xf8 ./Drivers/STM32F7xx_HAL_Driver/Src/stm32f7xx_hal_dma.o
 .text.HAL_GPIO_Init
                0x000000000800166c      0x358 ./Drivers/STM32F7xx_HAL_Driver/Src/stm32f7xx_hal_gpio.o
                0x000000000800166c                HAL_GPIO_Init
 .text.HAL_GPIO_ReadPin
                0x00000000080019c4       0x30 ./Drivers/STM32F7xx_HAL_Driver/Src/stm32f7xx_hal_gpio.o
                0x00000000080019c4                HAL_GPIO_ReadPin
 .text.HAL_PWREx_EnableOverDrive
                0x00000000080019f4       0xa0 ./Drivers/STM32F7xx_HAL_Driver/Src/stm32f7xx_hal_pwr_ex.o
                0x00000000080019f4                HAL_PWREx_EnableOverDrive
 .text.HAL_RCC_OscConfig
                0x0000000008001a94      0x55c ./Drivers/STM32F7xx_HAL_Driver/Src/stm32f7xx_hal_rcc.o
                0x0000000008001a94                HAL_RCC_OscConfig
 .text.HAL_RCC_ClockConfig
                0x0000000008001ff0      0x1d8 ./Drivers/STM32F7xx_HAL_Driver/Src/stm32f7xx_hal_rcc.o
                0x0000000008001ff0                HAL_RCC_ClockConfig
 .text.HAL_RCC_GetSysClockFreq
                0x00000000080021c8      0x18c ./Drivers/STM32F7xx_HAL_Driver/Src/stm32f7xx_hal_rcc.o
                0x00000000080021c8                HAL_RCC_GetSysClockFreq
 .text.HAL_RCCEx_PeriphCLKConfig
                0x0000000008002354      0x850 ./Drivers/STM32F7xx_HAL_Driver/Src/stm32f7xx_hal_rcc_ex.o
                0x0000000008002354                HAL_RCCEx_PeriphCLKConfig
 .text.HAL_SD_Init
                0x0000000008002ba4       0x60 ./Drivers/STM32F7xx_HAL_Driver/Src/stm32f7xx_hal_sd.o
                0x0000000008002ba4                HAL_SD_Init
 .text.HAL_SD_InitCard
                0x0000000008002c04      0x110 ./Drivers/STM32F7xx_HAL_Driver/Src/stm32f7xx_hal_sd.o
                0x0000000008002c04                HAL_SD_InitCard
 .text.HAL_SD_ReadBlocks_DMA
                0x0000000008002d14      0x1c4 ./Drivers/STM32F7xx_HAL_Driver/Src/stm32f7xx_hal_sd.o
                0x0000000008002d14                HAL_SD_ReadBlocks_DMA
 .text.HAL_SD_WriteBlocks_DMA
                0x0000000008002ed8      0x1cc ./Drivers/STM32F7xx_HAL_Driver/Src/stm32f7xx_hal_sd.o
                0x0000000008002ed8                HAL_SD_WriteBlocks_DMA
 .text.HAL_SD_IRQHandler
                0x00000000080030a4      0x2ec ./Drivers/STM32F7xx_HAL_Driver/Src/stm32f7xx_hal_sd.o
                0x00000000080030a4                HAL_SD_IRQHandler
 .text.HAL_SD_ErrorCallback
                0x0000000008003390       0x14 ./Drivers/STM32F7xx_HAL_Driver/Src/stm32f7xx_hal_sd.o
                0x0000000008003390                HAL_SD_ErrorCallback
 .text.HAL_SD_GetCardCSD
                0x00000000080033a4      0x348 ./Drivers/STM32F7xx_HAL_Driver/Src/stm32f7xx_hal_sd.o
                0x00000000080033a4                HAL_SD_GetCardCSD
 .text.HAL_SD_GetCardInfo
                0x00000000080036ec       0x58 ./Drivers/STM32F7xx_HAL_Driver/Src/stm32f7xx_hal_sd.o
                0x00000000080036ec                HAL_SD_GetCardInfo
 .text.HAL_SD_ConfigWideBusOperation
                0x0000000008003744      0x134 ./Drivers/STM32F7xx_HAL_Driver/Src/stm32f7xx_hal_sd.o
                0x0000000008003744                HAL_SD_ConfigWideBusOperation
 .text.HAL_SD_GetCardState
                0x0000000008003878       0x40 ./Drivers/STM32F7xx_HAL_Driver/Src/stm32f7xx_hal_sd.o
                0x0000000008003878                HAL_SD_GetCardState
 .text.SD_DMATransmitCplt
                0x00000000080038b8       0x2a ./Drivers/STM32F7xx_HAL_Driver/Src/stm32f7xx_hal_sd.o
 .text.SD_DMAReceiveCplt
                0x00000000080038e2       0x70 ./Drivers/STM32F7xx_HAL_Driver/Src/stm32f7xx_hal_sd.o
 *fill*         0x0000000008003952        0x2 
 .text.SD_DMAError
                0x0000000008003954       0xa4 ./Drivers/STM32F7xx_HAL_Driver/Src/stm32f7xx_hal_sd.o
 .text.SD_DMATxAbort
                0x00000000080039f8       0x6e ./Drivers/STM32F7xx_HAL_Driver/Src/stm32f7xx_hal_sd.o
 .text.SD_DMARxAbort
                0x0000000008003a66       0x6e ./Drivers/STM32F7xx_HAL_Driver/Src/stm32f7xx_hal_sd.o
 .text.SD_InitCard
                0x0000000008003ad4      0x19c ./Drivers/STM32F7xx_HAL_Driver/Src/stm32f7xx_hal_sd.o
 .text.SD_PowerON
                0x0000000008003c70      0x11c ./Drivers/STM32F7xx_HAL_Driver/Src/stm32f7xx_hal_sd.o
 .text.SD_SendStatus
                0x0000000008003d8c       0x50 ./Drivers/STM32F7xx_HAL_Driver/Src/stm32f7xx_hal_sd.o
 .text.SD_WideBus_Enable
                0x0000000008003ddc       0x96 ./Drivers/STM32F7xx_HAL_Driver/Src/stm32f7xx_hal_sd.o
 .text.SD_WideBus_Disable
                0x0000000008003e72       0x96 ./Drivers/STM32F7xx_HAL_Driver/Src/stm32f7xx_hal_sd.o
 .text.SD_FindSCR
                0x0000000008003f08      0x1a6 ./Drivers/STM32F7xx_HAL_Driver/Src/stm32f7xx_hal_sd.o
 .text.SD_Read_IT
                0x00000000080040ae       0xa2 ./Drivers/STM32F7xx_HAL_Driver/Src/stm32f7xx_hal_sd.o
 .text.SD_Write_IT
                0x0000000008004150       0xaa ./Drivers/STM32F7xx_HAL_Driver/Src/stm32f7xx_hal_sd.o
 *fill*         0x00000000080041fa        0x2 
 .text.SDMMC_Init
                0x00000000080041fc       0x58 ./Drivers/STM32F7xx_HAL_Driver/Src/stm32f7xx_ll_sdmmc.o
                0x00000000080041fc                SDMMC_Init
 .text.SDMMC_ReadFIFO
                0x0000000008004254       0x1a ./Drivers/STM32F7xx_HAL_Driver/Src/stm32f7xx_ll_sdmmc.o
                0x0000000008004254                SDMMC_ReadFIFO
 .text.SDMMC_WriteFIFO
                0x000000000800426e       0x22 ./Drivers/STM32F7xx_HAL_Driver/Src/stm32f7xx_ll_sdmmc.o
                0x000000000800426e                SDMMC_WriteFIFO
 .text.SDMMC_PowerState_ON
                0x0000000008004290       0x1c ./Drivers/STM32F7xx_HAL_Driver/Src/stm32f7xx_ll_sdmmc.o
                0x0000000008004290                SDMMC_PowerState_ON
 .text.SDMMC_GetPowerState
                0x00000000080042ac       0x1c ./Drivers/STM32F7xx_HAL_Driver/Src/stm32f7xx_ll_sdmmc.o
                0x00000000080042ac                SDMMC_GetPowerState
 .text.SDMMC_SendCommand
                0x00000000080042c8       0x54 ./Drivers/STM32F7xx_HAL_Driver/Src/stm32f7xx_ll_sdmmc.o
                0x00000000080042c8                SDMMC_SendCommand
 .text.SDMMC_GetCommandResponse
                0x000000000800431c       0x1a ./Drivers/STM32F7xx_HAL_Driver/Src/stm32f7xx_ll_sdmmc.o
                0x000000000800431c                SDMMC_GetCommandResponse
 .text.SDMMC_GetResponse
                0x0000000008004336       0x26 ./Drivers/STM32F7xx_HAL_Driver/Src/stm32f7xx_ll_sdmmc.o
                0x0000000008004336                SDMMC_GetResponse
 .text.SDMMC_ConfigData
                0x000000000800435c       0x58 ./Drivers/STM32F7xx_HAL_Driver/Src/stm32f7xx_ll_sdmmc.o
                0x000000000800435c                SDMMC_ConfigData
 .text.SDMMC_CmdBlockLength
                0x00000000080043b4       0x44 ./Drivers/STM32F7xx_HAL_Driver/Src/stm32f7xx_ll_sdmmc.o
                0x00000000080043b4                SDMMC_CmdBlockLength
 .text.SDMMC_CmdReadSingleBlock
                0x00000000080043f8       0x44 ./Drivers/STM32F7xx_HAL_Driver/Src/stm32f7xx_ll_sdmmc.o
                0x00000000080043f8                SDMMC_CmdReadSingleBlock
 .text.SDMMC_CmdReadMultiBlock
                0x000000000800443c       0x44 ./Drivers/STM32F7xx_HAL_Driver/Src/stm32f7xx_ll_sdmmc.o
                0x000000000800443c                SDMMC_CmdReadMultiBlock
 .text.SDMMC_CmdWriteSingleBlock
                0x0000000008004480       0x44 ./Drivers/STM32F7xx_HAL_Driver/Src/stm32f7xx_ll_sdmmc.o
                0x0000000008004480                SDMMC_CmdWriteSingleBlock
 .text.SDMMC_CmdWriteMultiBlock
                0x00000000080044c4       0x44 ./Drivers/STM32F7xx_HAL_Driver/Src/stm32f7xx_ll_sdmmc.o
                0x00000000080044c4                SDMMC_CmdWriteMultiBlock
 .text.SDMMC_CmdStopTransfer
                0x0000000008004508       0x44 ./Drivers/STM32F7xx_HAL_Driver/Src/stm32f7xx_ll_sdmmc.o
                0x0000000008004508                SDMMC_CmdStopTransfer
 .text.SDMMC_CmdSelDesel
                0x000000000800454c       0x46 ./Drivers/STM32F7xx_HAL_Driver/Src/stm32f7xx_ll_sdmmc.o
                0x000000000800454c                SDMMC_CmdSelDesel
 .text.SDMMC_CmdGoIdleState
                0x0000000008004592       0x3c ./Drivers/STM32F7xx_HAL_Driver/Src/stm32f7xx_ll_sdmmc.o
                0x0000000008004592                SDMMC_CmdGoIdleState
 .text.SDMMC_CmdOperCond
                0x00000000080045ce       0x3e ./Drivers/STM32F7xx_HAL_Driver/Src/stm32f7xx_ll_sdmmc.o
                0x00000000080045ce                SDMMC_CmdOperCond
 .text.SDMMC_CmdAppCommand
                0x000000000800460c       0x44 ./Drivers/STM32F7xx_HAL_Driver/Src/stm32f7xx_ll_sdmmc.o
                0x000000000800460c                SDMMC_CmdAppCommand
 .text.SDMMC_CmdAppOperCommand
                0x0000000008004650       0x48 ./Drivers/STM32F7xx_HAL_Driver/Src/stm32f7xx_ll_sdmmc.o
                0x0000000008004650                SDMMC_CmdAppOperCommand
 .text.SDMMC_CmdBusWidth
                0x0000000008004698       0x44 ./Drivers/STM32F7xx_HAL_Driver/Src/stm32f7xx_ll_sdmmc.o
                0x0000000008004698                SDMMC_CmdBusWidth
 .text.SDMMC_CmdSendSCR
                0x00000000080046dc       0x42 ./Drivers/STM32F7xx_HAL_Driver/Src/stm32f7xx_ll_sdmmc.o
                0x00000000080046dc                SDMMC_CmdSendSCR
 .text.SDMMC_CmdSendCID
                0x000000000800471e       0x3c ./Drivers/STM32F7xx_HAL_Driver/Src/stm32f7xx_ll_sdmmc.o
                0x000000000800471e                SDMMC_CmdSendCID
 .text.SDMMC_CmdSendCSD
                0x000000000800475a       0x3e ./Drivers/STM32F7xx_HAL_Driver/Src/stm32f7xx_ll_sdmmc.o
                0x000000000800475a                SDMMC_CmdSendCSD
 .text.SDMMC_CmdSetRelAdd
                0x0000000008004798       0x42 ./Drivers/STM32F7xx_HAL_Driver/Src/stm32f7xx_ll_sdmmc.o
                0x0000000008004798                SDMMC_CmdSetRelAdd
 .text.SDMMC_CmdSendStatus
                0x00000000080047da       0x44 ./Drivers/STM32F7xx_HAL_Driver/Src/stm32f7xx_ll_sdmmc.o
                0x00000000080047da                SDMMC_CmdSendStatus
 *fill*         0x000000000800481e        0x2 
 .text.SDMMC_GetCmdResp1
                0x0000000008004820      0x1dc ./Drivers/STM32F7xx_HAL_Driver/Src/stm32f7xx_ll_sdmmc.o
                0x0000000008004820                SDMMC_GetCmdResp1
 .text.SDMMC_GetCmdResp2
                0x00000000080049fc       0x90 ./Drivers/STM32F7xx_HAL_Driver/Src/stm32f7xx_ll_sdmmc.o
                0x00000000080049fc                SDMMC_GetCmdResp2
 .text.SDMMC_GetCmdResp3
                0x0000000008004a8c       0x7c ./Drivers/STM32F7xx_HAL_Driver/Src/stm32f7xx_ll_sdmmc.o
                0x0000000008004a8c                SDMMC_GetCmdResp3
 .text.SDMMC_GetCmdResp6
                0x0000000008004b08       0xec ./Drivers/STM32F7xx_HAL_Driver/Src/stm32f7xx_ll_sdmmc.o
                0x0000000008004b08                SDMMC_GetCmdResp6
 .text.SDMMC_GetCmdResp7
                0x0000000008004bf4       0x9c ./Drivers/STM32F7xx_HAL_Driver/Src/stm32f7xx_ll_sdmmc.o
                0x0000000008004bf4                SDMMC_GetCmdResp7
 .text.SDMMC_GetCmdError
                0x0000000008004c90       0x58 ./Drivers/STM32F7xx_HAL_Driver/Src/stm32f7xx_ll_sdmmc.o
 .text.MX_FATFS_Init
                0x0000000008004ce8       0x24 ./FATFS/App/fatfs.o
                0x0000000008004ce8                MX_FATFS_Init
 .text.get_fattime
                0x0000000008004d0c       0x10 ./FATFS/App/fatfs.o
                0x0000000008004d0c                get_fattime
 .text.BSP_SD_Init
                0x0000000008004d1c       0x4c ./FATFS/Target/bsp_driver_sd.o
                0x0000000008004d1c                BSP_SD_Init
 .text.BSP_SD_ReadBlocks_DMA
                0x0000000008004d68       0x34 ./FATFS/Target/bsp_driver_sd.o
                0x0000000008004d68                BSP_SD_ReadBlocks_DMA
 .text.BSP_SD_WriteBlocks_DMA
                0x0000000008004d9c       0x34 ./FATFS/Target/bsp_driver_sd.o
                0x0000000008004d9c                BSP_SD_WriteBlocks_DMA
 .text.BSP_SD_GetCardState
                0x0000000008004dd0       0x20 ./FATFS/Target/bsp_driver_sd.o
                0x0000000008004dd0                BSP_SD_GetCardState
 .text.BSP_SD_GetCardInfo
                0x0000000008004df0       0x1c ./FATFS/Target/bsp_driver_sd.o
                0x0000000008004df0                BSP_SD_GetCardInfo
 .text.HAL_SD_AbortCallback
                0x0000000008004e0c       0x14 ./FATFS/Target/bsp_driver_sd.o
                0x0000000008004e0c                HAL_SD_AbortCallback
 .text.HAL_SD_TxCpltCallback
                0x0000000008004e20       0x14 ./FATFS/Target/bsp_driver_sd.o
                0x0000000008004e20                HAL_SD_TxCpltCallback
 .text.HAL_SD_RxCpltCallback
                0x0000000008004e34       0x14 ./FATFS/Target/bsp_driver_sd.o
                0x0000000008004e34                HAL_SD_RxCpltCallback
 .text.BSP_SD_AbortCallback
                0x0000000008004e48        0xe ./FATFS/Target/bsp_driver_sd.o
                0x0000000008004e48                BSP_SD_AbortCallback
 .text.BSP_SD_IsDetected
                0x0000000008004e56       0x24 ./FATFS/Target/bsp_driver_sd.o
                0x0000000008004e56                BSP_SD_IsDetected
 *fill*         0x0000000008004e7a        0x2 
 .text.BSP_PlatformIsDetected
                0x0000000008004e7c       0x2c ./FATFS/Target/fatfs_platform.o
                0x0000000008004e7c                BSP_PlatformIsDetected
 .text.SD_CheckStatusWithTimeout
                0x0000000008004ea8       0x3a ./FATFS/Target/sd_diskio.o
 *fill*         0x0000000008004ee2        0x2 
 .text.SD_CheckStatus
                0x0000000008004ee4       0x3c ./FATFS/Target/sd_diskio.o
 .text.SD_initialize
                0x0000000008004f20       0x38 ./FATFS/Target/sd_diskio.o
                0x0000000008004f20                SD_initialize
 .text.SD_status
                0x0000000008004f58       0x1c ./FATFS/Target/sd_diskio.o
                0x0000000008004f58                SD_status
 .text.SD_read  0x0000000008004f74       0xac ./FATFS/Target/sd_diskio.o
                0x0000000008004f74                SD_read
 .text.SD_write
                0x0000000008005020       0xac ./FATFS/Target/sd_diskio.o
                0x0000000008005020                SD_write
 .text.SD_ioctl
                0x00000000080050cc       0xb0 ./FATFS/Target/sd_diskio.o
                0x00000000080050cc                SD_ioctl
 .text.BSP_SD_WriteCpltCallback
                0x000000000800517c       0x18 ./FATFS/Target/sd_diskio.o
                0x000000000800517c                BSP_SD_WriteCpltCallback
 .text.BSP_SD_ReadCpltCallback
                0x0000000008005194       0x18 ./FATFS/Target/sd_diskio.o
                0x0000000008005194                BSP_SD_ReadCpltCallback
 .text.disk_status
                0x00000000080051ac       0x34 ./Middlewares/Third_Party/FatFs/src/diskio.o
                0x00000000080051ac                disk_status
 .text.disk_initialize
                0x00000000080051e0       0x4c ./Middlewares/Third_Party/FatFs/src/diskio.o
                0x00000000080051e0                disk_initialize
 .text.disk_read
                0x000000000800522c       0x40 ./Middlewares/Third_Party/FatFs/src/diskio.o
                0x000000000800522c                disk_read
 .text.disk_write
                0x000000000800526c       0x40 ./Middlewares/Third_Party/FatFs/src/diskio.o
                0x000000000800526c                disk_write
 .text.disk_ioctl
                0x00000000080052ac       0x3c ./Middlewares/Third_Party/FatFs/src/diskio.o
                0x00000000080052ac                disk_ioctl
 .text.ld_word  0x00000000080052e8       0x30 ./Middlewares/Third_Party/FatFs/src/ff.o
 .text.ld_dword
                0x0000000008005318       0x46 ./Middlewares/Third_Party/FatFs/src/ff.o
 .text.st_word  0x000000000800535e       0x36 ./Middlewares/Third_Party/FatFs/src/ff.o
 .text.st_dword
                0x0000000008005394       0x58 ./Middlewares/Third_Party/FatFs/src/ff.o
 .text.mem_cpy  0x00000000080053ec       0x42 ./Middlewares/Third_Party/FatFs/src/ff.o
 .text.mem_set  0x000000000800542e       0x36 ./Middlewares/Third_Party/FatFs/src/ff.o
 .text.mem_cmp  0x0000000008005464       0x4e ./Middlewares/Third_Party/FatFs/src/ff.o
 .text.chk_chr  0x00000000080054b2       0x36 ./Middlewares/Third_Party/FatFs/src/ff.o
 .text.chk_lock
                0x00000000080054e8       0xb8 ./Middlewares/Third_Party/FatFs/src/ff.o
 .text.enq_lock
                0x00000000080055a0       0x44 ./Middlewares/Third_Party/FatFs/src/ff.o
 .text.inc_lock
                0x00000000080055e4      0x11c ./Middlewares/Third_Party/FatFs/src/ff.o
 .text.dec_lock
                0x0000000008005700       0x78 ./Middlewares/Third_Party/FatFs/src/ff.o
 .text.clear_lock
                0x0000000008005778       0x48 ./Middlewares/Third_Party/FatFs/src/ff.o
 .text.sync_window
                0x00000000080057c0       0x88 ./Middlewares/Third_Party/FatFs/src/ff.o
 .text.move_window
                0x0000000008005848       0x5a ./Middlewares/Third_Party/FatFs/src/ff.o
 *fill*         0x00000000080058a2        0x2 
 .text.sync_fs  0x00000000080058a4       0xdc ./Middlewares/Third_Party/FatFs/src/ff.o
 .text.clust2sect
                0x0000000008005980       0x3e ./Middlewares/Third_Party/FatFs/src/ff.o
 .text.get_fat  0x00000000080059be      0x150 ./Middlewares/Third_Party/FatFs/src/ff.o
 .text.put_fat  0x0000000008005b0e      0x1d8 ./Middlewares/Third_Party/FatFs/src/ff.o
 .text.remove_chain
                0x0000000008005ce6       0xca ./Middlewares/Third_Party/FatFs/src/ff.o
 .text.create_chain
                0x0000000008005db0      0x130 ./Middlewares/Third_Party/FatFs/src/ff.o
 .text.clmt_clust
                0x0000000008005ee0       0x68 ./Middlewares/Third_Party/FatFs/src/ff.o
 .text.dir_sdi  0x0000000008005f48       0xf6 ./Middlewares/Third_Party/FatFs/src/ff.o
 .text.dir_next
                0x000000000800603e      0x18a ./Middlewares/Third_Party/FatFs/src/ff.o
 .text.dir_alloc
                0x00000000080061c8       0x8e ./Middlewares/Third_Party/FatFs/src/ff.o
 .text.ld_clust
                0x0000000008006256       0x3e ./Middlewares/Third_Party/FatFs/src/ff.o
 .text.st_clust
                0x0000000008006294       0x40 ./Middlewares/Third_Party/FatFs/src/ff.o
 .text.dir_find
                0x00000000080062d4       0xaa ./Middlewares/Third_Party/FatFs/src/ff.o
 .text.dir_register
                0x000000000800637e       0x64 ./Middlewares/Third_Party/FatFs/src/ff.o
 *fill*         0x00000000080063e2        0x2 
 .text.create_name
                0x00000000080063e4      0x128 ./Middlewares/Third_Party/FatFs/src/ff.o
 .text.follow_path
                0x000000000800650c       0xe2 ./Middlewares/Third_Party/FatFs/src/ff.o
 .text.get_ldnumber
                0x00000000080065ee       0x88 ./Middlewares/Third_Party/FatFs/src/ff.o
 *fill*         0x0000000008006676        0x2 
 .text.check_fs
                0x0000000008006678       0xac ./Middlewares/Third_Party/FatFs/src/ff.o
 .text.find_volume
                0x0000000008006724      0x498 ./Middlewares/Third_Party/FatFs/src/ff.o
 .text.validate
                0x0000000008006bbc       0x6a ./Middlewares/Third_Party/FatFs/src/ff.o
 *fill*         0x0000000008006c26        0x2 
 .text.f_mount  0x0000000008006c28       0x8c ./Middlewares/Third_Party/FatFs/src/ff.o
                0x0000000008006c28                f_mount
 .text.f_open   0x0000000008006cb4      0x37c ./Middlewares/Third_Party/FatFs/src/ff.o
                0x0000000008006cb4                f_open
 .text.f_write  0x0000000008007030      0x2ea ./Middlewares/Third_Party/FatFs/src/ff.o
                0x0000000008007030                f_write
 .text.f_sync   0x000000000800731a       0xfc ./Middlewares/Third_Party/FatFs/src/ff.o
                0x000000000800731a                f_sync
 .text.f_close  0x0000000008007416       0x54 ./Middlewares/Third_Party/FatFs/src/ff.o
                0x0000000008007416                f_close
 *fill*         0x000000000800746a        0x2 
 .text.f_mkfs   0x000000000800746c      0x858 ./Middlewares/Third_Party/FatFs/src/ff.o
                0x000000000800746c                f_mkfs
 .text.FATFS_LinkDriverEx
                0x0000000008007cc4       0x98 ./Middlewares/Third_Party/FatFs/src/ff_gen_drv.o
                0x0000000008007cc4                FATFS_LinkDriverEx
 .text.FATFS_LinkDriver
                0x0000000008007d5c       0x1e ./Middlewares/Third_Party/FatFs/src/ff_gen_drv.o
                0x0000000008007d5c                FATFS_LinkDriver
 *fill*         0x0000000008007d7a        0x2 
 .text.__libc_init_array
                0x0000000008007d7c       0x48 d:/petersdata/downloads/electronics/stprograms/stm32cubeide_1.12.1/stm32cubeide/plugins/com.st.stm32cube.ide.mcu.externaltools.gnu-tools-for-stm32.10.3-2021.10.win32_1.0.200.202301161003/tools/bin/../lib/gcc/arm-none-eabi/10.3.1/../../../../arm-none-eabi/lib/thumb/v7e-m+dp/hard\libc_nano.a(lib_a-init.o)
                0x0000000008007d7c                __libc_init_array
 .text.memset   0x0000000008007dc4       0x10 d:/petersdata/downloads/electronics/stprograms/stm32cubeide_1.12.1/stm32cubeide/plugins/com.st.stm32cube.ide.mcu.externaltools.gnu-tools-for-stm32.10.3-2021.10.win32_1.0.200.202301161003/tools/bin/../lib/gcc/arm-none-eabi/10.3.1/../../../../arm-none-eabi/lib/thumb/v7e-m+dp/hard\libc_nano.a(lib_a-memset.o)
                0x0000000008007dc4                memset
 *(.glue_7)
 .glue_7        0x0000000008007dd4        0x0 linker stubs
 *(.glue_7t)
 .glue_7t       0x0000000008007dd4        0x0 linker stubs
 *(.eh_frame)
 .eh_frame      0x0000000008007dd4        0x0 d:/petersdata/downloads/electronics/stprograms/stm32cubeide_1.12.1/stm32cubeide/plugins/com.st.stm32cube.ide.mcu.externaltools.gnu-tools-for-stm32.10.3-2021.10.win32_1.0.200.202301161003/tools/bin/../lib/gcc/arm-none-eabi/10.3.1/thumb/v7e-m+dp/hard/crtbegin.o
 *(.init)
 .init          0x0000000008007dd4        0x4 d:/petersdata/downloads/electronics/stprograms/stm32cubeide_1.12.1/stm32cubeide/plugins/com.st.stm32cube.ide.mcu.externaltools.gnu-tools-for-stm32.10.3-2021.10.win32_1.0.200.202301161003/tools/bin/../lib/gcc/arm-none-eabi/10.3.1/thumb/v7e-m+dp/hard/crti.o
                0x0000000008007dd4                _init
 .init          0x0000000008007dd8        0x8 d:/petersdata/downloads/electronics/stprograms/stm32cubeide_1.12.1/stm32cubeide/plugins/com.st.stm32cube.ide.mcu.externaltools.gnu-tools-for-stm32.10.3-2021.10.win32_1.0.200.202301161003/tools/bin/../lib/gcc/arm-none-eabi/10.3.1/thumb/v7e-m+dp/hard/crtn.o
 *(.fini)
 .fini          0x0000000008007de0        0x4 d:/petersdata/downloads/electronics/stprograms/stm32cubeide_1.12.1/stm32cubeide/plugins/com.st.stm32cube.ide.mcu.externaltools.gnu-tools-for-stm32.10.3-2021.10.win32_1.0.200.202301161003/tools/bin/../lib/gcc/arm-none-eabi/10.3.1/thumb/v7e-m+dp/hard/crti.o
                0x0000000008007de0                _fini
 .fini          0x0000000008007de4        0x8 d:/petersdata/downloads/electronics/stprograms/stm32cubeide_1.12.1/stm32cubeide/plugins/com.st.stm32cube.ide.mcu.externaltools.gnu-tools-for-stm32.10.3-2021.10.win32_1.0.200.202301161003/tools/bin/../lib/gcc/arm-none-eabi/10.3.1/thumb/v7e-m+dp/hard/crtn.o
                0x0000000008007dec                . = ALIGN (0x4)
                0x0000000008007dec                _etext = .

.vfp11_veneer   0x0000000008007dec        0x0
 .vfp11_veneer  0x0000000008007dec        0x0 linker stubs

.v4_bx          0x0000000008007dec        0x0
 .v4_bx         0x0000000008007dec        0x0 linker stubs

.iplt           0x0000000008007dec        0x0
 .iplt          0x0000000008007dec        0x0 d:/petersdata/downloads/electronics/stprograms/stm32cubeide_1.12.1/stm32cubeide/plugins/com.st.stm32cube.ide.mcu.externaltools.gnu-tools-for-stm32.10.3-2021.10.win32_1.0.200.202301161003/tools/bin/../lib/gcc/arm-none-eabi/10.3.1/thumb/v7e-m+dp/hard/crtbegin.o

.rodata         0x0000000008007dec      0x11c
                0x0000000008007dec                . = ALIGN (0x4)
 *(.rodata)
 .rodata        0x0000000008007dec        0xa ./Core/Src/main.o
 *fill*         0x0000000008007df6        0x2 
 .rodata        0x0000000008007df8       0x44 ./Middlewares/Third_Party/FatFs/src/ff.o
 *(.rodata*)
 .rodata.AHBPrescTable
                0x0000000008007e3c       0x10 ./Core/Src/system_stm32f7xx.o
                0x0000000008007e3c                AHBPrescTable
 .rodata.flagBitshiftOffset.0
                0x0000000008007e4c        0x8 ./Drivers/STM32F7xx_HAL_Driver/Src/stm32f7xx_hal_dma.o
 .rodata.SD_Driver
                0x0000000008007e54       0x14 ./FATFS/Target/sd_diskio.o
                0x0000000008007e54                SD_Driver
 .rodata.ExCvt  0x0000000008007e68       0x80 ./Middlewares/Third_Party/FatFs/src/ff.o
 .rodata.cst32.1
                0x0000000008007ee8        0xe ./Middlewares/Third_Party/FatFs/src/ff.o
 *fill*         0x0000000008007ef6        0x2 
 .rodata.cst.0  0x0000000008007ef8        0xe ./Middlewares/Third_Party/FatFs/src/ff.o
                0x0000000008007f08                . = ALIGN (0x4)
 *fill*         0x0000000008007f06        0x2 

.ARM.extab      0x0000000008007f08        0x0
                0x0000000008007f08                . = ALIGN (0x4)
 *(.ARM.extab* .gnu.linkonce.armextab.*)
                0x0000000008007f08                . = ALIGN (0x4)

.ARM            0x0000000008007f08        0x8
                0x0000000008007f08                . = ALIGN (0x4)
                0x0000000008007f08                __exidx_start = .
 *(.ARM.exidx*)
 .ARM.exidx     0x0000000008007f08        0x8 d:/petersdata/downloads/electronics/stprograms/stm32cubeide_1.12.1/stm32cubeide/plugins/com.st.stm32cube.ide.mcu.externaltools.gnu-tools-for-stm32.10.3-2021.10.win32_1.0.200.202301161003/tools/bin/../lib/gcc/arm-none-eabi/10.3.1/thumb/v7e-m+dp/hard\libgcc.a(_udivmoddi4.o)
                0x0000000008007f10                __exidx_end = .
                0x0000000008007f10                . = ALIGN (0x4)

.rel.dyn        0x0000000008007f10        0x0
 .rel.iplt      0x0000000008007f10        0x0 d:/petersdata/downloads/electronics/stprograms/stm32cubeide_1.12.1/stm32cubeide/plugins/com.st.stm32cube.ide.mcu.externaltools.gnu-tools-for-stm32.10.3-2021.10.win32_1.0.200.202301161003/tools/bin/../lib/gcc/arm-none-eabi/10.3.1/thumb/v7e-m+dp/hard/crtbegin.o

.preinit_array  0x0000000008007f10        0x0
                0x0000000008007f10                . = ALIGN (0x4)
                0x0000000008007f10                PROVIDE (__preinit_array_start = .)
 *(.preinit_array*)
                0x0000000008007f10                PROVIDE (__preinit_array_end = .)
                0x0000000008007f10                . = ALIGN (0x4)

.init_array     0x0000000008007f10        0x4
                0x0000000008007f10                . = ALIGN (0x4)
                0x0000000008007f10                PROVIDE (__init_array_start = .)
 *(SORT_BY_NAME(.init_array.*))
 *(.init_array*)
 .init_array    0x0000000008007f10        0x4 d:/petersdata/downloads/electronics/stprograms/stm32cubeide_1.12.1/stm32cubeide/plugins/com.st.stm32cube.ide.mcu.externaltools.gnu-tools-for-stm32.10.3-2021.10.win32_1.0.200.202301161003/tools/bin/../lib/gcc/arm-none-eabi/10.3.1/thumb/v7e-m+dp/hard/crtbegin.o
                0x0000000008007f14                PROVIDE (__init_array_end = .)
                0x0000000008007f14                . = ALIGN (0x4)

.fini_array     0x0000000008007f14        0x4
                0x0000000008007f14                . = ALIGN (0x4)
                [!provide]                        PROVIDE (__fini_array_start = .)
 *(SORT_BY_NAME(.fini_array.*))
 *(.fini_array*)
 .fini_array    0x0000000008007f14        0x4 d:/petersdata/downloads/electronics/stprograms/stm32cubeide_1.12.1/stm32cubeide/plugins/com.st.stm32cube.ide.mcu.externaltools.gnu-tools-for-stm32.10.3-2021.10.win32_1.0.200.202301161003/tools/bin/../lib/gcc/arm-none-eabi/10.3.1/thumb/v7e-m+dp/hard/crtbegin.o
                [!provide]                        PROVIDE (__fini_array_end = .)
                0x0000000008007f18                . = ALIGN (0x4)
                0x0000000008007f18                _sidata = LOADADDR (.data)

.data           0x0000000020000000       0x28 load address 0x0000000008007f18
                0x0000000020000000                . = ALIGN (0x4)
                0x0000000020000000                _sdata = .
 *(.data)
 *(.data*)
 .data.wtext    0x0000000020000000       0x19 ./Core/Src/main.o
                0x0000000020000000                wtext
 *fill*         0x0000000020000019        0x3 
 .data.SystemCoreClock
                0x000000002000001c        0x4 ./Core/Src/system_stm32f7xx.o
                0x000000002000001c                SystemCoreClock
 .data.uwTickPrio
                0x0000000020000020        0x4 ./Drivers/STM32F7xx_HAL_Driver/Src/stm32f7xx_hal.o
                0x0000000020000020                uwTickPrio
 .data.uwTickFreq
                0x0000000020000024        0x1 ./Drivers/STM32F7xx_HAL_Driver/Src/stm32f7xx_hal.o
                0x0000000020000024                uwTickFreq
 .data.Stat     0x0000000020000025        0x1 ./FATFS/Target/sd_diskio.o
 *(.RamFunc)
 *(.RamFunc*)
                0x0000000020000028                . = ALIGN (0x4)
 *fill*         0x0000000020000026        0x2 
                0x0000000020000028                _edata = .

.igot.plt       0x0000000020000028        0x0 load address 0x0000000008007f40
 .igot.plt      0x0000000020000028        0x0 d:/petersdata/downloads/electronics/stprograms/stm32cubeide_1.12.1/stm32cubeide/plugins/com.st.stm32cube.ide.mcu.externaltools.gnu-tools-for-stm32.10.3-2021.10.win32_1.0.200.202301161003/tools/bin/../lib/gcc/arm-none-eabi/10.3.1/thumb/v7e-m+dp/hard/crtbegin.o
                0x0000000020000028                . = ALIGN (0x4)

.bss            0x0000000020000028      0x810 load address 0x0000000008007f40
                0x0000000020000028                _sbss = .
                0x0000000020000028                __bss_start__ = _sbss
 *(.bss)
 .bss           0x0000000020000028       0x1c d:/petersdata/downloads/electronics/stprograms/stm32cubeide_1.12.1/stm32cubeide/plugins/com.st.stm32cube.ide.mcu.externaltools.gnu-tools-for-stm32.10.3-2021.10.win32_1.0.200.202301161003/tools/bin/../lib/gcc/arm-none-eabi/10.3.1/thumb/v7e-m+dp/hard/crtbegin.o
 *(.bss*)
 .bss.hsd2      0x0000000020000044       0x84 ./Core/Src/main.o
                0x0000000020000044                hsd2
 .bss.hdma_sdmmc2_rx
                0x00000000200000c8       0x60 ./Core/Src/main.o
                0x00000000200000c8                hdma_sdmmc2_rx
 .bss.hdma_sdmmc2_tx
                0x0000000020000128       0x60 ./Core/Src/main.o
                0x0000000020000128                hdma_sdmmc2_tx
 .bss.res       0x0000000020000188        0x1 ./Core/Src/main.o
                0x0000000020000188                res
 *fill*         0x0000000020000189        0x3 
 .bss.byteswritten
                0x000000002000018c        0x4 ./Core/Src/main.o
                0x000000002000018c                byteswritten
 .bss.rtext     0x0000000020000190      0x200 ./Core/Src/main.o
                0x0000000020000190                rtext
 .bss.uwTick    0x0000000020000390        0x4 ./Drivers/STM32F7xx_HAL_Driver/Src/stm32f7xx_hal.o
                0x0000000020000390                uwTick
 .bss.retSD     0x0000000020000394        0x1 ./FATFS/App/fatfs.o
                0x0000000020000394                retSD
 *fill*         0x0000000020000395        0x3 
 .bss.SDPath    0x0000000020000398        0x4 ./FATFS/App/fatfs.o
                0x0000000020000398                SDPath
 .bss.SDFatFS   0x000000002000039c      0x230 ./FATFS/App/fatfs.o
                0x000000002000039c                SDFatFS
 .bss.SDFile    0x00000000200005cc      0x230 ./FATFS/App/fatfs.o
                0x00000000200005cc                SDFile
 .bss.WriteStatus
                0x00000000200007fc        0x4 ./FATFS/Target/sd_diskio.o
 .bss.ReadStatus
                0x0000000020000800        0x4 ./FATFS/Target/sd_diskio.o
 .bss.FatFs     0x0000000020000804        0x4 ./Middlewares/Third_Party/FatFs/src/ff.o
 .bss.Fsid      0x0000000020000808        0x2 ./Middlewares/Third_Party/FatFs/src/ff.o
 *fill*         0x000000002000080a        0x2 
 .bss.Files     0x000000002000080c       0x20 ./Middlewares/Third_Party/FatFs/src/ff.o
 .bss.disk      0x000000002000082c        0xc ./Middlewares/Third_Party/FatFs/src/ff_gen_drv.o
                0x000000002000082c                disk
 *(COMMON)
                0x0000000020000838                . = ALIGN (0x4)
                0x0000000020000838                _ebss = .
                0x0000000020000838                __bss_end__ = _ebss

._user_heap_stack
                0x0000000020000838      0x600 load address 0x0000000008007f40
                0x0000000020000838                . = ALIGN (0x8)
                [!provide]                        PROVIDE (end = .)
                0x0000000020000838                PROVIDE (_end = .)
                0x0000000020000a38                . = (. + _Min_Heap_Size)
 *fill*         0x0000000020000838      0x200 
                0x0000000020000e38                . = (. + _Min_Stack_Size)
 *fill*         0x0000000020000a38      0x400 
                0x0000000020000e38                . = ALIGN (0x8)

/DISCARD/
 libc.a(*)
 libm.a(*)
 libgcc.a(*)

.ARM.attributes
                0x0000000000000000       0x2e
 *(.ARM.attributes)
 .ARM.attributes
                0x0000000000000000       0x1e d:/petersdata/downloads/electronics/stprograms/stm32cubeide_1.12.1/stm32cubeide/plugins/com.st.stm32cube.ide.mcu.externaltools.gnu-tools-for-stm32.10.3-2021.10.win32_1.0.200.202301161003/tools/bin/../lib/gcc/arm-none-eabi/10.3.1/thumb/v7e-m+dp/hard/crti.o
 .ARM.attributes
                0x000000000000001e       0x32 d:/petersdata/downloads/electronics/stprograms/stm32cubeide_1.12.1/stm32cubeide/plugins/com.st.stm32cube.ide.mcu.externaltools.gnu-tools-for-stm32.10.3-2021.10.win32_1.0.200.202301161003/tools/bin/../lib/gcc/arm-none-eabi/10.3.1/thumb/v7e-m+dp/hard/crtbegin.o
 .ARM.attributes
                0x0000000000000050       0x32 ./Core/Src/main.o
 .ARM.attributes
                0x0000000000000082       0x32 ./Core/Src/stm32f7xx_hal_msp.o
 .ARM.attributes
                0x00000000000000b4       0x32 ./Core/Src/stm32f7xx_it.o
 .ARM.attributes
                0x00000000000000e6       0x32 ./Core/Src/system_stm32f7xx.o
 .ARM.attributes
                0x0000000000000118       0x21 ./Core/Startup/startup_stm32f769nihx.o
 .ARM.attributes
                0x0000000000000139       0x32 ./Drivers/STM32F7xx_HAL_Driver/Src/stm32f7xx_hal.o
 .ARM.attributes
                0x000000000000016b       0x32 ./Drivers/STM32F7xx_HAL_Driver/Src/stm32f7xx_hal_cortex.o
 .ARM.attributes
                0x000000000000019d       0x32 ./Drivers/STM32F7xx_HAL_Driver/Src/stm32f7xx_hal_dma.o
 .ARM.attributes
                0x00000000000001cf       0x32 ./Drivers/STM32F7xx_HAL_Driver/Src/stm32f7xx_hal_gpio.o
 .ARM.attributes
                0x0000000000000201       0x32 ./Drivers/STM32F7xx_HAL_Driver/Src/stm32f7xx_hal_pwr_ex.o
 .ARM.attributes
                0x0000000000000233       0x32 ./Drivers/STM32F7xx_HAL_Driver/Src/stm32f7xx_hal_rcc.o
 .ARM.attributes
                0x0000000000000265       0x32 ./Drivers/STM32F7xx_HAL_Driver/Src/stm32f7xx_hal_rcc_ex.o
 .ARM.attributes
                0x0000000000000297       0x32 ./Drivers/STM32F7xx_HAL_Driver/Src/stm32f7xx_hal_sd.o
 .ARM.attributes
                0x00000000000002c9       0x32 ./Drivers/STM32F7xx_HAL_Driver/Src/stm32f7xx_ll_sdmmc.o
 .ARM.attributes
                0x00000000000002fb       0x32 ./FATFS/App/fatfs.o
 .ARM.attributes
                0x000000000000032d       0x32 ./FATFS/Target/bsp_driver_sd.o
 .ARM.attributes
                0x000000000000035f       0x32 ./FATFS/Target/fatfs_platform.o
 .ARM.attributes
                0x0000000000000391       0x32 ./FATFS/Target/sd_diskio.o
 .ARM.attributes
                0x00000000000003c3       0x32 ./Middlewares/Third_Party/FatFs/src/diskio.o
 .ARM.attributes
                0x00000000000003f5       0x32 ./Middlewares/Third_Party/FatFs/src/ff.o
 .ARM.attributes
                0x0000000000000427       0x32 ./Middlewares/Third_Party/FatFs/src/ff_gen_drv.o
 .ARM.attributes
                0x0000000000000459       0x32 d:/petersdata/downloads/electronics/stprograms/stm32cubeide_1.12.1/stm32cubeide/plugins/com.st.stm32cube.ide.mcu.externaltools.gnu-tools-for-stm32.10.3-2021.10.win32_1.0.200.202301161003/tools/bin/../lib/gcc/arm-none-eabi/10.3.1/../../../../arm-none-eabi/lib/thumb/v7e-m+dp/hard\libc_nano.a(lib_a-init.o)
 .ARM.attributes
                0x000000000000048b       0x32 d:/petersdata/downloads/electronics/stprograms/stm32cubeide_1.12.1/stm32cubeide/plugins/com.st.stm32cube.ide.mcu.externaltools.gnu-tools-for-stm32.10.3-2021.10.win32_1.0.200.202301161003/tools/bin/../lib/gcc/arm-none-eabi/10.3.1/../../../../arm-none-eabi/lib/thumb/v7e-m+dp/hard\libc_nano.a(lib_a-memset.o)
 .ARM.attributes
                0x00000000000004bd       0x17 d:/petersdata/downloads/electronics/stprograms/stm32cubeide_1.12.1/stm32cubeide/plugins/com.st.stm32cube.ide.mcu.externaltools.gnu-tools-for-stm32.10.3-2021.10.win32_1.0.200.202301161003/tools/bin/../lib/gcc/arm-none-eabi/10.3.1/../../../../arm-none-eabi/lib/thumb/v7e-m+dp/hard\libc_nano.a(lib_a-strlen.o)
 .ARM.attributes
                0x00000000000004d4       0x1e d:/petersdata/downloads/electronics/stprograms/stm32cubeide_1.12.1/stm32cubeide/plugins/com.st.stm32cube.ide.mcu.externaltools.gnu-tools-for-stm32.10.3-2021.10.win32_1.0.200.202301161003/tools/bin/../lib/gcc/arm-none-eabi/10.3.1/thumb/v7e-m+dp/hard\libgcc.a(_aeabi_uldivmod.o)
 .ARM.attributes
                0x00000000000004f2       0x32 d:/petersdata/downloads/electronics/stprograms/stm32cubeide_1.12.1/stm32cubeide/plugins/com.st.stm32cube.ide.mcu.externaltools.gnu-tools-for-stm32.10.3-2021.10.win32_1.0.200.202301161003/tools/bin/../lib/gcc/arm-none-eabi/10.3.1/thumb/v7e-m+dp/hard\libgcc.a(_udivmoddi4.o)
 .ARM.attributes
                0x0000000000000524       0x1e d:/petersdata/downloads/electronics/stprograms/stm32cubeide_1.12.1/stm32cubeide/plugins/com.st.stm32cube.ide.mcu.externaltools.gnu-tools-for-stm32.10.3-2021.10.win32_1.0.200.202301161003/tools/bin/../lib/gcc/arm-none-eabi/10.3.1/thumb/v7e-m+dp/hard\libgcc.a(_dvmd_tls.o)
 .ARM.attributes
                0x0000000000000542       0x1e d:/petersdata/downloads/electronics/stprograms/stm32cubeide_1.12.1/stm32cubeide/plugins/com.st.stm32cube.ide.mcu.externaltools.gnu-tools-for-stm32.10.3-2021.10.win32_1.0.200.202301161003/tools/bin/../lib/gcc/arm-none-eabi/10.3.1/thumb/v7e-m+dp/hard/crtn.o
OUTPUT(microSdNext-1.elf elf32-littlearm)
LOAD linker stubs
LOAD d:/petersdata/downloads/electronics/stprograms/stm32cubeide_1.12.1/stm32cubeide/plugins/com.st.stm32cube.ide.mcu.externaltools.gnu-tools-for-stm32.10.3-2021.10.win32_1.0.200.202301161003/tools/bin/../lib/gcc/arm-none-eabi/10.3.1/../../../../arm-none-eabi/lib/thumb/v7e-m+dp/hard\libc.a
LOAD d:/petersdata/downloads/electronics/stprograms/stm32cubeide_1.12.1/stm32cubeide/plugins/com.st.stm32cube.ide.mcu.externaltools.gnu-tools-for-stm32.10.3-2021.10.win32_1.0.200.202301161003/tools/bin/../lib/gcc/arm-none-eabi/10.3.1/../../../../arm-none-eabi/lib/thumb/v7e-m+dp/hard\libm.a
LOAD d:/petersdata/downloads/electronics/stprograms/stm32cubeide_1.12.1/stm32cubeide/plugins/com.st.stm32cube.ide.mcu.externaltools.gnu-tools-for-stm32.10.3-2021.10.win32_1.0.200.202301161003/tools/bin/../lib/gcc/arm-none-eabi/10.3.1/thumb/v7e-m+dp/hard\libgcc.a

.debug_info     0x0000000000000000     0xeed9
 .debug_info    0x0000000000000000     0x1581 ./Core/Src/main.o
 .debug_info    0x0000000000001581     0x10f7 ./Core/Src/stm32f7xx_hal_msp.o
 .debug_info    0x0000000000002678      0x7d5 ./Core/Src/stm32f7xx_it.o
 .debug_info    0x0000000000002e4d      0x72c ./Core/Src/system_stm32f7xx.o
 .debug_info    0x0000000000003579       0x22 ./Core/Startup/startup_stm32f769nihx.o
 .debug_info    0x000000000000359b      0xa88 ./Drivers/STM32F7xx_HAL_Driver/Src/stm32f7xx_hal.o
 .debug_info    0x0000000000004023     0x10a2 ./Drivers/STM32F7xx_HAL_Driver/Src/stm32f7xx_hal_cortex.o
 .debug_info    0x00000000000050c5      0x94f ./Drivers/STM32F7xx_HAL_Driver/Src/stm32f7xx_hal_dma.o
 .debug_info    0x0000000000005a14      0x7a2 ./Drivers/STM32F7xx_HAL_Driver/Src/stm32f7xx_hal_gpio.o
 .debug_info    0x00000000000061b6      0x92e ./Drivers/STM32F7xx_HAL_Driver/Src/stm32f7xx_hal_pwr_ex.o
 .debug_info    0x0000000000006ae4      0x9f8 ./Drivers/STM32F7xx_HAL_Driver/Src/stm32f7xx_hal_rcc.o
 .debug_info    0x00000000000074dc      0x78b ./Drivers/STM32F7xx_HAL_Driver/Src/stm32f7xx_hal_rcc_ex.o
 .debug_info    0x0000000000007c67     0x1d19 ./Drivers/STM32F7xx_HAL_Driver/Src/stm32f7xx_hal_sd.o
 .debug_info    0x0000000000009980     0x11dd ./Drivers/STM32F7xx_HAL_Driver/Src/stm32f7xx_ll_sdmmc.o
 .debug_info    0x000000000000ab5d      0x4fa ./FATFS/App/fatfs.o
 .debug_info    0x000000000000b057      0xb4f ./FATFS/Target/bsp_driver_sd.o
 .debug_info    0x000000000000bba6      0x1dd ./FATFS/Target/fatfs_platform.o
 .debug_info    0x000000000000bd83      0x59e ./FATFS/Target/sd_diskio.o
 .debug_info    0x000000000000c321      0x412 ./Middlewares/Third_Party/FatFs/src/diskio.o
 .debug_info    0x000000000000c733     0x23fd ./Middlewares/Third_Party/FatFs/src/ff.o
 .debug_info    0x000000000000eb30      0x3a9 ./Middlewares/Third_Party/FatFs/src/ff_gen_drv.o

.debug_abbrev   0x0000000000000000     0x2839
 .debug_abbrev  0x0000000000000000      0x300 ./Core/Src/main.o
 .debug_abbrev  0x0000000000000300      0x1f6 ./Core/Src/stm32f7xx_hal_msp.o
 .debug_abbrev  0x00000000000004f6      0x189 ./Core/Src/stm32f7xx_it.o
 .debug_abbrev  0x000000000000067f      0x136 ./Core/Src/system_stm32f7xx.o
 .debug_abbrev  0x00000000000007b5       0x12 ./Core/Startup/startup_stm32f769nihx.o
 .debug_abbrev  0x00000000000007c7      0x20d ./Drivers/STM32F7xx_HAL_Driver/Src/stm32f7xx_hal.o
 .debug_abbrev  0x00000000000009d4      0x316 ./Drivers/STM32F7xx_HAL_Driver/Src/stm32f7xx_hal_cortex.o
 .debug_abbrev  0x0000000000000cea      0x25b ./Drivers/STM32F7xx_HAL_Driver/Src/stm32f7xx_hal_dma.o
 .debug_abbrev  0x0000000000000f45      0x1c4 ./Drivers/STM32F7xx_HAL_Driver/Src/stm32f7xx_hal_gpio.o
 .debug_abbrev  0x0000000000001109      0x1cb ./Drivers/STM32F7xx_HAL_Driver/Src/stm32f7xx_hal_pwr_ex.o
 .debug_abbrev  0x00000000000012d4      0x2d1 ./Drivers/STM32F7xx_HAL_Driver/Src/stm32f7xx_hal_rcc.o
 .debug_abbrev  0x00000000000015a5      0x1b9 ./Drivers/STM32F7xx_HAL_Driver/Src/stm32f7xx_hal_rcc_ex.o
 .debug_abbrev  0x000000000000175e      0x288 ./Drivers/STM32F7xx_HAL_Driver/Src/stm32f7xx_hal_sd.o
 .debug_abbrev  0x00000000000019e6      0x1ce ./Drivers/STM32F7xx_HAL_Driver/Src/stm32f7xx_ll_sdmmc.o
 .debug_abbrev  0x0000000000001bb4      0x15a ./FATFS/App/fatfs.o
 .debug_abbrev  0x0000000000001d0e      0x290 ./FATFS/Target/bsp_driver_sd.o
 .debug_abbrev  0x0000000000001f9e      0x105 ./FATFS/Target/fatfs_platform.o
 .debug_abbrev  0x00000000000020a3      0x21f ./FATFS/Target/sd_diskio.o
 .debug_abbrev  0x00000000000022c2      0x178 ./Middlewares/Third_Party/FatFs/src/diskio.o
 .debug_abbrev  0x000000000000243a      0x269 ./Middlewares/Third_Party/FatFs/src/ff.o
 .debug_abbrev  0x00000000000026a3      0x196 ./Middlewares/Third_Party/FatFs/src/ff_gen_drv.o

.debug_aranges  0x0000000000000000      0xc68
 .debug_aranges
                0x0000000000000000       0x48 ./Core/Src/main.o
 .debug_aranges
                0x0000000000000048       0x30 ./Core/Src/stm32f7xx_hal_msp.o
 .debug_aranges
                0x0000000000000078       0x78 ./Core/Src/stm32f7xx_it.o
 .debug_aranges
                0x00000000000000f0       0x28 ./Core/Src/system_stm32f7xx.o
 .debug_aranges
                0x0000000000000118       0x28 ./Core/Startup/startup_stm32f769nihx.o
 .debug_aranges
                0x0000000000000140      0x110 ./Drivers/STM32F7xx_HAL_Driver/Src/stm32f7xx_hal.o
 .debug_aranges
                0x0000000000000250      0x118 ./Drivers/STM32F7xx_HAL_Driver/Src/stm32f7xx_hal_cortex.o
 .debug_aranges
                0x0000000000000368       0x90 ./Drivers/STM32F7xx_HAL_Driver/Src/stm32f7xx_hal_dma.o
 .debug_aranges
                0x00000000000003f8       0x58 ./Drivers/STM32F7xx_HAL_Driver/Src/stm32f7xx_hal_gpio.o
 .debug_aranges
                0x0000000000000450       0x80 ./Drivers/STM32F7xx_HAL_Driver/Src/stm32f7xx_hal_pwr_ex.o
 .debug_aranges
                0x00000000000004d0       0x88 ./Drivers/STM32F7xx_HAL_Driver/Src/stm32f7xx_hal_rcc.o
 .debug_aranges
                0x0000000000000558       0x50 ./Drivers/STM32F7xx_HAL_Driver/Src/stm32f7xx_hal_rcc_ex.o
 .debug_aranges
                0x00000000000005a8      0x168 ./Drivers/STM32F7xx_HAL_Driver/Src/stm32f7xx_hal_sd.o
 .debug_aranges
                0x0000000000000710      0x188 ./Drivers/STM32F7xx_HAL_Driver/Src/stm32f7xx_ll_sdmmc.o
 .debug_aranges
                0x0000000000000898       0x28 ./FATFS/App/fatfs.o
 .debug_aranges
                0x00000000000008c0       0x98 ./FATFS/Target/bsp_driver_sd.o
 .debug_aranges
                0x0000000000000958       0x20 ./FATFS/Target/fatfs_platform.o
 .debug_aranges
                0x0000000000000978       0x60 ./FATFS/Target/sd_diskio.o
 .debug_aranges
                0x00000000000009d8       0x48 ./Middlewares/Third_Party/FatFs/src/diskio.o
 .debug_aranges
                0x0000000000000a20      0x208 ./Middlewares/Third_Party/FatFs/src/ff.o
 .debug_aranges
                0x0000000000000c28       0x40 ./Middlewares/Third_Party/FatFs/src/ff_gen_drv.o

.debug_ranges   0x0000000000000000      0xb20
 .debug_ranges  0x0000000000000000       0x38 ./Core/Src/main.o
 .debug_ranges  0x0000000000000038       0x20 ./Core/Src/stm32f7xx_hal_msp.o
 .debug_ranges  0x0000000000000058       0x68 ./Core/Src/stm32f7xx_it.o
 .debug_ranges  0x00000000000000c0       0x18 ./Core/Src/system_stm32f7xx.o
 .debug_ranges  0x00000000000000d8       0x20 ./Core/Startup/startup_stm32f769nihx.o
 .debug_ranges  0x00000000000000f8      0x100 ./Drivers/STM32F7xx_HAL_Driver/Src/stm32f7xx_hal.o
 .debug_ranges  0x00000000000001f8      0x108 ./Drivers/STM32F7xx_HAL_Driver/Src/stm32f7xx_hal_cortex.o
 .debug_ranges  0x0000000000000300       0x80 ./Drivers/STM32F7xx_HAL_Driver/Src/stm32f7xx_hal_dma.o
 .debug_ranges  0x0000000000000380       0x48 ./Drivers/STM32F7xx_HAL_Driver/Src/stm32f7xx_hal_gpio.o
 .debug_ranges  0x00000000000003c8       0x70 ./Drivers/STM32F7xx_HAL_Driver/Src/stm32f7xx_hal_pwr_ex.o
 .debug_ranges  0x0000000000000438       0x78 ./Drivers/STM32F7xx_HAL_Driver/Src/stm32f7xx_hal_rcc.o
 .debug_ranges  0x00000000000004b0       0x40 ./Drivers/STM32F7xx_HAL_Driver/Src/stm32f7xx_hal_rcc_ex.o
 .debug_ranges  0x00000000000004f0      0x158 ./Drivers/STM32F7xx_HAL_Driver/Src/stm32f7xx_hal_sd.o
 .debug_ranges  0x0000000000000648      0x178 ./Drivers/STM32F7xx_HAL_Driver/Src/stm32f7xx_ll_sdmmc.o
 .debug_ranges  0x00000000000007c0       0x18 ./FATFS/App/fatfs.o
 .debug_ranges  0x00000000000007d8       0x88 ./FATFS/Target/bsp_driver_sd.o
 .debug_ranges  0x0000000000000860       0x10 ./FATFS/Target/fatfs_platform.o
 .debug_ranges  0x0000000000000870       0x50 ./FATFS/Target/sd_diskio.o
 .debug_ranges  0x00000000000008c0       0x38 ./Middlewares/Third_Party/FatFs/src/diskio.o
 .debug_ranges  0x00000000000008f8      0x1f8 ./Middlewares/Third_Party/FatFs/src/ff.o
 .debug_ranges  0x0000000000000af0       0x30 ./Middlewares/Third_Party/FatFs/src/ff_gen_drv.o

.debug_macro    0x0000000000000000    0x2e403
 .debug_macro   0x0000000000000000      0x34b ./Core/Src/main.o
 .debug_macro   0x000000000000034b      0xa90 ./Core/Src/main.o
 .debug_macro   0x0000000000000ddb      0x28d ./Core/Src/main.o
 .debug_macro   0x0000000000001068       0x2e ./Core/Src/main.o
 .debug_macro   0x0000000000001096       0x3b ./Core/Src/main.o
 .debug_macro   0x00000000000010d1       0x22 ./Core/Src/main.o
 .debug_macro   0x00000000000010f3       0x8e ./Core/Src/main.o
 .debug_macro   0x0000000000001181       0x51 ./Core/Src/main.o
 .debug_macro   0x00000000000011d2      0x103 ./Core/Src/main.o
 .debug_macro   0x00000000000012d5       0x6a ./Core/Src/main.o
 .debug_macro   0x000000000000133f      0x1df ./Core/Src/main.o
 .debug_macro   0x000000000000151e       0x1c ./Core/Src/main.o
 .debug_macro   0x000000000000153a       0x22 ./Core/Src/main.o
 .debug_macro   0x000000000000155c       0xd9 ./Core/Src/main.o
 .debug_macro   0x0000000000001635     0x12cd ./Core/Src/main.o
 .debug_macro   0x0000000000002902      0x11f ./Core/Src/main.o
 .debug_macro   0x0000000000002a21       0x19 ./Core/Src/main.o
 .debug_macro   0x0000000000002a3a    0x204b6 ./Core/Src/main.o
 .debug_macro   0x0000000000022ef0       0x6d ./Core/Src/main.o
 .debug_macro   0x0000000000022f5d     0x3749 ./Core/Src/main.o
 .debug_macro   0x00000000000266a6      0x174 ./Core/Src/main.o
 .debug_macro   0x000000000002681a       0x63 ./Core/Src/main.o
 .debug_macro   0x000000000002687d     0x1b3f ./Core/Src/main.o
 .debug_macro   0x00000000000283bc      0x6c4 ./Core/Src/main.o
 .debug_macro   0x0000000000028a80      0x18b ./Core/Src/main.o
 .debug_macro   0x0000000000028c0b      0x115 ./Core/Src/main.o
 .debug_macro   0x0000000000028d20      0x275 ./Core/Src/main.o
 .debug_macro   0x0000000000028f95       0xa5 ./Core/Src/main.o
 .debug_macro   0x000000000002903a      0x24f ./Core/Src/main.o
 .debug_macro   0x0000000000029289       0x71 ./Core/Src/main.o
 .debug_macro   0x00000000000292fa       0x58 ./Core/Src/main.o
 .debug_macro   0x0000000000029352      0x236 ./Core/Src/main.o
 .debug_macro   0x0000000000029588      0x14e ./Core/Src/main.o
 .debug_macro   0x00000000000296d6      0x3db ./Core/Src/main.o
 .debug_macro   0x0000000000029ab1       0x12 ./Core/Src/main.o
 .debug_macro   0x0000000000029ac3      0x22c ./Core/Src/main.o
 .debug_macro   0x0000000000029cef       0x61 ./Core/Src/main.o
 .debug_macro   0x0000000000029d50       0xa5 ./Core/Src/main.o
 .debug_macro   0x0000000000029df5      0x12e ./Core/Src/main.o
 .debug_macro   0x0000000000029f23      0x108 ./Core/Src/main.o
 .debug_macro   0x000000000002a02b       0x35 ./Core/Src/main.o
 .debug_macro   0x000000000002a060      0x773 ./Core/Src/main.o
 .debug_macro   0x000000000002a7d3      0x1d5 ./Core/Src/main.o
 .debug_macro   0x000000000002a9a8      0x15b ./Core/Src/main.o
 .debug_macro   0x000000000002ab03       0x1c ./Core/Src/main.o
 .debug_macro   0x000000000002ab1f       0x3a ./Core/Src/main.o
 .debug_macro   0x000000000002ab59       0xe5 ./Core/Src/main.o
 .debug_macro   0x000000000002ac3e       0x1d ./Core/Src/main.o
 .debug_macro   0x000000000002ac5b       0x52 ./Core/Src/main.o
 .debug_macro   0x000000000002acad       0x3c ./Core/Src/main.o
 .debug_macro   0x000000000002ace9       0x34 ./Core/Src/main.o
 .debug_macro   0x000000000002ad1d       0x16 ./Core/Src/main.o
 .debug_macro   0x000000000002ad33       0x35 ./Core/Src/main.o
 .debug_macro   0x000000000002ad68       0x16 ./Core/Src/main.o
 .debug_macro   0x000000000002ad7e       0x43 ./Core/Src/main.o
 .debug_macro   0x000000000002adc1       0x34 ./Core/Src/main.o
 .debug_macro   0x000000000002adf5       0x10 ./Core/Src/main.o
 .debug_macro   0x000000000002ae05       0x58 ./Core/Src/main.o
 .debug_macro   0x000000000002ae5d       0x71 ./Core/Src/main.o
 .debug_macro   0x000000000002aece       0x1c ./Core/Src/main.o
 .debug_macro   0x000000000002aeea      0x12a ./Core/Src/main.o
 .debug_macro   0x000000000002b014      0x341 ./Core/Src/main.o
 .debug_macro   0x000000000002b355       0x16 ./Core/Src/main.o
 .debug_macro   0x000000000002b36b       0x29 ./Core/Src/main.o
 .debug_macro   0x000000000002b394       0x12 ./Core/Src/main.o
 .debug_macro   0x000000000002b3a6       0xe2 ./Core/Src/main.o
 .debug_macro   0x000000000002b488       0x8e ./Core/Src/main.o
 .debug_macro   0x000000000002b516       0x16 ./Core/Src/main.o
 .debug_macro   0x000000000002b52c       0x20 ./Core/Src/main.o
 .debug_macro   0x000000000002b54c      0x1de ./Core/Src/stm32f7xx_hal_msp.o
 .debug_macro   0x000000000002b72a      0x1e8 ./Core/Src/stm32f7xx_it.o
 .debug_macro   0x000000000002b912      0x1d4 ./Core/Src/system_stm32f7xx.o
 .debug_macro   0x000000000002bae6      0x1f8 ./Drivers/STM32F7xx_HAL_Driver/Src/stm32f7xx_hal.o
 .debug_macro   0x000000000002bcde      0x1d4 ./Drivers/STM32F7xx_HAL_Driver/Src/stm32f7xx_hal_cortex.o
 .debug_macro   0x000000000002beb2      0x1da ./Drivers/STM32F7xx_HAL_Driver/Src/stm32f7xx_hal_dma.o
 .debug_macro   0x000000000002c08c      0x1da ./Drivers/STM32F7xx_HAL_Driver/Src/stm32f7xx_hal_gpio.o
 .debug_macro   0x000000000002c266      0x1ec ./Drivers/STM32F7xx_HAL_Driver/Src/stm32f7xx_hal_pwr_ex.o
 .debug_macro   0x000000000002c452      0x1f8 ./Drivers/STM32F7xx_HAL_Driver/Src/stm32f7xx_hal_rcc.o
 .debug_macro   0x000000000002c64a      0x1d4 ./Drivers/STM32F7xx_HAL_Driver/Src/stm32f7xx_hal_rcc_ex.o
 .debug_macro   0x000000000002c81e      0x1d5 ./Drivers/STM32F7xx_HAL_Driver/Src/stm32f7xx_hal_sd.o
 .debug_macro   0x000000000002c9f3      0x1d5 ./Drivers/STM32F7xx_HAL_Driver/Src/stm32f7xx_ll_sdmmc.o
 .debug_macro   0x000000000002cbc8      0x31b ./FATFS/App/fatfs.o
 .debug_macro   0x000000000002cee3      0x1ec ./FATFS/Target/bsp_driver_sd.o
 .debug_macro   0x000000000002d0cf      0x1dd ./FATFS/Target/fatfs_platform.o
 .debug_macro   0x000000000002d2ac      0x34e ./FATFS/Target/sd_diskio.o
 .debug_macro   0x000000000002d5fa       0x16 ./FATFS/Target/sd_diskio.o
 .debug_macro   0x000000000002d610       0x7c ./FATFS/Target/sd_diskio.o
 .debug_macro   0x000000000002d68c      0x308 ./Middlewares/Third_Party/FatFs/src/diskio.o
 .debug_macro   0x000000000002d994      0x70f ./Middlewares/Third_Party/FatFs/src/ff.o
 .debug_macro   0x000000000002e0a3       0x58 ./Middlewares/Third_Party/FatFs/src/ff.o
 .debug_macro   0x000000000002e0fb      0x308 ./Middlewares/Third_Party/FatFs/src/ff_gen_drv.o

.debug_line     0x0000000000000000    0x12711
 .debug_line    0x0000000000000000      0xb82 ./Core/Src/main.o
 .debug_line    0x0000000000000b82      0x8dc ./Core/Src/stm32f7xx_hal_msp.o
 .debug_line    0x000000000000145e      0x8f7 ./Core/Src/stm32f7xx_it.o
 .debug_line    0x0000000000001d55      0x86c ./Core/Src/system_stm32f7xx.o
 .debug_line    0x00000000000025c1       0x88 ./Core/Startup/startup_stm32f769nihx.o
 .debug_line    0x0000000000002649      0xb2d ./Drivers/STM32F7xx_HAL_Driver/Src/stm32f7xx_hal.o
 .debug_line    0x0000000000003176      0xd83 ./Drivers/STM32F7xx_HAL_Driver/Src/stm32f7xx_hal_cortex.o
 .debug_line    0x0000000000003ef9     0x104c ./Drivers/STM32F7xx_HAL_Driver/Src/stm32f7xx_hal_dma.o
 .debug_line    0x0000000000004f45      0xc71 ./Drivers/STM32F7xx_HAL_Driver/Src/stm32f7xx_hal_gpio.o
 .debug_line    0x0000000000005bb6      0xa72 ./Drivers/STM32F7xx_HAL_Driver/Src/stm32f7xx_hal_pwr_ex.o
 .debug_line    0x0000000000006628      0xf6d ./Drivers/STM32F7xx_HAL_Driver/Src/stm32f7xx_hal_rcc.o
 .debug_line    0x0000000000007595      0xf4b ./Drivers/STM32F7xx_HAL_Driver/Src/stm32f7xx_hal_rcc_ex.o
 .debug_line    0x00000000000084e0     0x1ef4 ./Drivers/STM32F7xx_HAL_Driver/Src/stm32f7xx_hal_sd.o
 .debug_line    0x000000000000a3d4     0x1067 ./Drivers/STM32F7xx_HAL_Driver/Src/stm32f7xx_ll_sdmmc.o
 .debug_line    0x000000000000b43b      0xa27 ./FATFS/App/fatfs.o
 .debug_line    0x000000000000be62      0x9c7 ./FATFS/Target/bsp_driver_sd.o
 .debug_line    0x000000000000c829      0x802 ./FATFS/Target/fatfs_platform.o
 .debug_line    0x000000000000d02b      0xc38 ./FATFS/Target/sd_diskio.o
 .debug_line    0x000000000000dc63      0xa98 ./Middlewares/Third_Party/FatFs/src/diskio.o
 .debug_line    0x000000000000e6fb     0x3560 ./Middlewares/Third_Party/FatFs/src/ff.o
 .debug_line    0x0000000000011c5b      0xab6 ./Middlewares/Third_Party/FatFs/src/ff_gen_drv.o

.debug_str      0x0000000000000000   0x10e8bb
 .debug_str     0x0000000000000000   0x10b1b6 ./Core/Src/main.o
                                     0x10b992 (size before relaxing)
 .debug_str     0x000000000010b1b6      0x31a ./Core/Src/stm32f7xx_hal_msp.o
                                     0x1081f8 (size before relaxing)
 .debug_str     0x000000000010b4d0      0x130 ./Core/Src/stm32f7xx_it.o
                                     0x107775 (size before relaxing)
 .debug_str     0x000000000010b600      0x1a4 ./Core/Src/system_stm32f7xx.o
                                     0x107437 (size before relaxing)
 .debug_str     0x000000000010b7a4       0x36 ./Core/Startup/startup_stm32f769nihx.o
                                         0x87 (size before relaxing)
 .debug_str     0x000000000010b7da      0x451 ./Drivers/STM32F7xx_HAL_Driver/Src/stm32f7xx_hal.o
                                     0x107e80 (size before relaxing)
 .debug_str     0x000000000010bc2b      0x323 ./Drivers/STM32F7xx_HAL_Driver/Src/stm32f7xx_hal_cortex.o
                                     0x107e30 (size before relaxing)
 .debug_str     0x000000000010bf4e      0x304 ./Drivers/STM32F7xx_HAL_Driver/Src/stm32f7xx_hal_dma.o
                                     0x107776 (size before relaxing)
 .debug_str     0x000000000010c252      0x146 ./Drivers/STM32F7xx_HAL_Driver/Src/stm32f7xx_hal_gpio.o
                                     0x1074f5 (size before relaxing)
 .debug_str     0x000000000010c398      0x1d1 ./Drivers/STM32F7xx_HAL_Driver/Src/stm32f7xx_hal_pwr_ex.o
                                     0x1076a6 (size before relaxing)
 .debug_str     0x000000000010c569      0x260 ./Drivers/STM32F7xx_HAL_Driver/Src/stm32f7xx_hal_rcc.o
                                     0x1077b2 (size before relaxing)
 .debug_str     0x000000000010c7c9      0x147 ./Drivers/STM32F7xx_HAL_Driver/Src/stm32f7xx_hal_rcc_ex.o
                                     0x107715 (size before relaxing)
 .debug_str     0x000000000010c910      0x911 ./Drivers/STM32F7xx_HAL_Driver/Src/stm32f7xx_hal_sd.o
                                     0x1080c6 (size before relaxing)
 .debug_str     0x000000000010d221      0x22f ./Drivers/STM32F7xx_HAL_Driver/Src/stm32f7xx_ll_sdmmc.o
                                     0x1077eb (size before relaxing)
 .debug_str     0x000000000010d450       0xd1 ./FATFS/App/fatfs.o
                                     0x10a967 (size before relaxing)
 .debug_str     0x000000000010d521      0x16b ./FATFS/Target/bsp_driver_sd.o
                                     0x107a4b (size before relaxing)
 .debug_str     0x000000000010d68c       0x21 ./FATFS/Target/fatfs_platform.o
                                     0x1072a8 (size before relaxing)
 .debug_str     0x000000000010d6ad       0xcf ./FATFS/Target/sd_diskio.o
                                     0x10aaa4 (size before relaxing)
 .debug_str     0x000000000010d77c       0x57 ./Middlewares/Third_Party/FatFs/src/diskio.o
                                     0x10a882 (size before relaxing)
 .debug_str     0x000000000010d7d3     0x1057 ./Middlewares/Third_Party/FatFs/src/ff.o
                                     0x10bae5 (size before relaxing)
 .debug_str     0x000000000010e82a       0x91 ./Middlewares/Third_Party/FatFs/src/ff_gen_drv.o
                                     0x10a8d3 (size before relaxing)

.comment        0x0000000000000000       0x50
 .comment       0x0000000000000000       0x50 ./Core/Src/main.o
                                         0x51 (size before relaxing)
 .comment       0x0000000000000050       0x51 ./Core/Src/stm32f7xx_hal_msp.o
 .comment       0x0000000000000050       0x51 ./Core/Src/stm32f7xx_it.o
 .comment       0x0000000000000050       0x51 ./Core/Src/system_stm32f7xx.o
 .comment       0x0000000000000050       0x51 ./Drivers/STM32F7xx_HAL_Driver/Src/stm32f7xx_hal.o
 .comment       0x0000000000000050       0x51 ./Drivers/STM32F7xx_HAL_Driver/Src/stm32f7xx_hal_cortex.o
 .comment       0x0000000000000050       0x51 ./Drivers/STM32F7xx_HAL_Driver/Src/stm32f7xx_hal_dma.o
 .comment       0x0000000000000050       0x51 ./Drivers/STM32F7xx_HAL_Driver/Src/stm32f7xx_hal_gpio.o
 .comment       0x0000000000000050       0x51 ./Drivers/STM32F7xx_HAL_Driver/Src/stm32f7xx_hal_pwr_ex.o
 .comment       0x0000000000000050       0x51 ./Drivers/STM32F7xx_HAL_Driver/Src/stm32f7xx_hal_rcc.o
 .comment       0x0000000000000050       0x51 ./Drivers/STM32F7xx_HAL_Driver/Src/stm32f7xx_hal_rcc_ex.o
 .comment       0x0000000000000050       0x51 ./Drivers/STM32F7xx_HAL_Driver/Src/stm32f7xx_hal_sd.o
 .comment       0x0000000000000050       0x51 ./Drivers/STM32F7xx_HAL_Driver/Src/stm32f7xx_ll_sdmmc.o
 .comment       0x0000000000000050       0x51 ./FATFS/App/fatfs.o
 .comment       0x0000000000000050       0x51 ./FATFS/Target/bsp_driver_sd.o
 .comment       0x0000000000000050       0x51 ./FATFS/Target/fatfs_platform.o
 .comment       0x0000000000000050       0x51 ./FATFS/Target/sd_diskio.o
 .comment       0x0000000000000050       0x51 ./Middlewares/Third_Party/FatFs/src/diskio.o
 .comment       0x0000000000000050       0x51 ./Middlewares/Third_Party/FatFs/src/ff.o
 .comment       0x0000000000000050       0x51 ./Middlewares/Third_Party/FatFs/src/ff_gen_drv.o

.debug_frame    0x0000000000000000     0x30d8
 .debug_frame   0x0000000000000000       0xd4 ./Core/Src/main.o
 .debug_frame   0x00000000000000d4       0x84 ./Core/Src/stm32f7xx_hal_msp.o
 .debug_frame   0x0000000000000158      0x158 ./Core/Src/stm32f7xx_it.o
 .debug_frame   0x00000000000002b0       0x58 ./Core/Src/system_stm32f7xx.o
 .debug_frame   0x0000000000000308      0x3f4 ./Drivers/STM32F7xx_HAL_Driver/Src/stm32f7xx_hal.o
 .debug_frame   0x00000000000006fc      0x498 ./Drivers/STM32F7xx_HAL_Driver/Src/stm32f7xx_hal_cortex.o
 .debug_frame   0x0000000000000b94      0x250 ./Drivers/STM32F7xx_HAL_Driver/Src/stm32f7xx_hal_dma.o
 .debug_frame   0x0000000000000de4      0x14c ./Drivers/STM32F7xx_HAL_Driver/Src/stm32f7xx_hal_gpio.o
 .debug_frame   0x0000000000000f30      0x1c8 ./Drivers/STM32F7xx_HAL_Driver/Src/stm32f7xx_hal_pwr_ex.o
 .debug_frame   0x00000000000010f8      0x1f8 ./Drivers/STM32F7xx_HAL_Driver/Src/stm32f7xx_hal_rcc.o
 .debug_frame   0x00000000000012f0      0x118 ./Drivers/STM32F7xx_HAL_Driver/Src/stm32f7xx_hal_rcc_ex.o
 .debug_frame   0x0000000000001408      0x650 ./Drivers/STM32F7xx_HAL_Driver/Src/stm32f7xx_hal_sd.o
 .debug_frame   0x0000000000001a58      0x6d0 ./Drivers/STM32F7xx_HAL_Driver/Src/stm32f7xx_ll_sdmmc.o
 .debug_frame   0x0000000000002128       0x4c ./FATFS/App/fatfs.o
 .debug_frame   0x0000000000002174      0x238 ./FATFS/Target/bsp_driver_sd.o
 .debug_frame   0x00000000000023ac       0x34 ./FATFS/Target/fatfs_platform.o
 .debug_frame   0x00000000000023e0      0x14c ./FATFS/Target/sd_diskio.o
 .debug_frame   0x000000000000252c       0xec ./Middlewares/Third_Party/FatFs/src/diskio.o
 .debug_frame   0x0000000000002618      0x94c ./Middlewares/Third_Party/FatFs/src/ff.o
 .debug_frame   0x0000000000002f64       0xc8 ./Middlewares/Third_Party/FatFs/src/ff_gen_drv.o
 .debug_frame   0x000000000000302c       0x2c d:/petersdata/downloads/electronics/stprograms/stm32cubeide_1.12.1/stm32cubeide/plugins/com.st.stm32cube.ide.mcu.externaltools.gnu-tools-for-stm32.10.3-2021.10.win32_1.0.200.202301161003/tools/bin/../lib/gcc/arm-none-eabi/10.3.1/../../../../arm-none-eabi/lib/thumb/v7e-m+dp/hard\libc_nano.a(lib_a-init.o)
 .debug_frame   0x0000000000003058       0x20 d:/petersdata/downloads/electronics/stprograms/stm32cubeide_1.12.1/stm32cubeide/plugins/com.st.stm32cube.ide.mcu.externaltools.gnu-tools-for-stm32.10.3-2021.10.win32_1.0.200.202301161003/tools/bin/../lib/gcc/arm-none-eabi/10.3.1/../../../../arm-none-eabi/lib/thumb/v7e-m+dp/hard\libc_nano.a(lib_a-memset.o)
 .debug_frame   0x0000000000003078       0x2c d:/petersdata/downloads/electronics/stprograms/stm32cubeide_1.12.1/stm32cubeide/plugins/com.st.stm32cube.ide.mcu.externaltools.gnu-tools-for-stm32.10.3-2021.10.win32_1.0.200.202301161003/tools/bin/../lib/gcc/arm-none-eabi/10.3.1/thumb/v7e-m+dp/hard\libgcc.a(_aeabi_uldivmod.o)
 .debug_frame   0x00000000000030a4       0x34 d:/petersdata/downloads/electronics/stprograms/stm32cubeide_1.12.1/stm32cubeide/plugins/com.st.stm32cube.ide.mcu.externaltools.gnu-tools-for-stm32.10.3-2021.10.win32_1.0.200.202301161003/tools/bin/../lib/gcc/arm-none-eabi/10.3.1/thumb/v7e-m+dp/hard\libgcc.a(_udivmoddi4.o)
